<html>
<body>
<pre>
<h1>µVision Build Log</h1>
<h2>Tool Versions:</h2>
IDE-Version: ¦ÌVision V5.14.0.0
Copyright (C) 2015 ARM Ltd and ARM Germany GmbH. All rights reserved.
License Information: mai mailonghua, usst, LIC=ATTQ1-CSX7F-KPJZY-INDU3-13VTL-GCMCS
 
Tool Versions:
Toolchain:       MDK-ARM Standard  Version: 5.14.0.0
Toolchain Path:  D:\Program Files (x86)\Keil_v5\ARM\ARMCC\Bin
C Compiler:      Armcc.exe V5.05 update 1 (build 106)
Assembler:       Armasm.exe V5.05 update 1 (build 106)
Linker/Locator:  ArmLink.exe V5.05 update 1 (build 106)
Library Manager: ArmAr.exe V5.05 update 1 (build 106)
Hex Converter:   FromElf.exe V5.05 update 1 (build 106)
CPU DLL:         SARMCM3.DLL V5.14.0.0
Dialog DLL:      DCM.DLL V1.13.1.0
Target DLL:      Segger\JL2CM3.dll V2.99.13.0
Dialog DLL:      TCM.DLL V1.14.4.0
 
<h2>Project:</h2>
D:\ProjectWorkSpace\ROS_CAR\Programe\MDK\ROS_STM32\ROS_STM32\MDK-ARM\ROS_STM32.uvprojx
Project File Date:  07/24/2021

<h2>Output:</h2>
Build target 'ROS_STM32'
compiling Kinematics.c...
../Inc/Kinematics.h(31): warning:  #1-D: last line of file ends without a newline
  #endif
..\Devices\Kinematics\Kinematics.c(147): warning:  #1-D: last line of file ends without a newline
  }
..\Devices\Kinematics\Kinematics.c: 2 warnings, 0 errors
linking...
Program Size: Code=38936 RO-data=7832 RW-data=296 ZI-data=3360  
FromELF: creating hex file...
"ROS_STM32\ROS_STM32.axf" - 0 Error(s), 2 Warning(s).

<h2>Software Packages used:</h2>

Package Vendor: ARM
                http://www.keil.com/pack/ARM.CMSIS.4.2.0.pack
                ARM::CMSIS:CORE:3.40.0
                CMSIS (Cortex Microcontroller Software Interface Standard)
   * Component: CORE Version: 3.40.0

<h2>Collection of Component include folders:</h2>
  D:\ProjectWorkSpace\ROS_CAR\Programe\MDK\ROS_STM32\ROS_STM32\MDK-ARM\RTE
  D:\Program Files (x86)\Keil_v5\ARM\PACK\ARM\CMSIS\4.2.0\CMSIS\Include
  D:\Program Files (x86)\Keil_v5\ARM\PACK\Keil\STM32F1xx_DFP\1.0.5\Device\Include

<h2>Collection of Component Files used:</h2>

   * Component: ARM::CMSIS:CORE:3.40.0
      Source file:   CMSIS\UserCodeTemplates\ARM\ITM_Retarget.c
</pre>
</body>
</html>
