Component: ARM Compiler 5.05 update 1 (build 106) Tool: armlink [4d0efa]

==============================================================================

Section Cross References

    startup_stm32f10x_hd.o(RESET) refers to startup_stm32f10x_hd.o(STACK) for __initial_sp
    startup_stm32f10x_hd.o(RESET) refers to startup_stm32f10x_hd.o(.text) for Reset_Handler
    startup_stm32f10x_hd.o(RESET) refers to stm32f1xx_it.o(i.NMI_Handler) for NMI_Handler
    startup_stm32f10x_hd.o(RESET) refers to stm32f1xx_it.o(i.HardFault_Handler) for HardFault_Handler
    startup_stm32f10x_hd.o(RESET) refers to stm32f1xx_it.o(i.MemManage_Handler) for MemManage_Handler
    startup_stm32f10x_hd.o(RESET) refers to stm32f1xx_it.o(i.BusFault_Handler) for BusFault_Handler
    startup_stm32f10x_hd.o(RESET) refers to stm32f1xx_it.o(i.UsageFault_Handler) for UsageFault_Handler
    startup_stm32f10x_hd.o(RESET) refers to stm32f1xx_it.o(i.SVC_Handler) for SVC_Handler
    startup_stm32f10x_hd.o(RESET) refers to stm32f1xx_it.o(i.DebugMon_Handler) for DebugMon_Handler
    startup_stm32f10x_hd.o(RESET) refers to stm32f1xx_it.o(i.PendSV_Handler) for PendSV_Handler
    startup_stm32f10x_hd.o(RESET) refers to stm32f1xx_it.o(i.SysTick_Handler) for SysTick_Handler
    startup_stm32f10x_hd.o(RESET) refers to stm32f1xx_it.o(i.USART1_IRQHandler) for USART1_IRQHandler
    startup_stm32f10x_hd.o(RESET) refers to stm32f1xx_it.o(i.USART2_IRQHandler) for USART2_IRQHandler
    startup_stm32f10x_hd.o(RESET) refers to stm32f1xx_it.o(i.USART3_IRQHandler) for USART3_IRQHandler
    startup_stm32f10x_hd.o(RESET) refers to stm32f1xx_it.o(i.TIM6_IRQHandler) for TIM6_IRQHandler
    startup_stm32f10x_hd.o(.text) refers to system_stm32f1xx.o(i.SystemInit) for SystemInit
    startup_stm32f10x_hd.o(.text) refers to entry.o(.ARM.Collect$$$$00000000) for __main
    main.o(i.Error_Handler) refers to printfa.o(i.__0printf) for __2printf
    main.o(i.Error_Handler) refers to main.o(.data) for .data
    main.o(i.MPU6050_Init) refers to mpu6050.o(i.w_mpu_init) for w_mpu_init
    main.o(i.MPU6050_Init) refers to printfa.o(i.__0printf) for __2printf
    main.o(i.MPU6050_Init) refers to stm32f1xx_hal.o(i.HAL_Delay) for HAL_Delay
    main.o(i.MPU6050_Init) refers to mpu6050.o(i.dmp_init) for dmp_init
    main.o(i.MPU6050_Init) refers to main.o(.data) for .data
    main.o(i.MX_ADC2_Init) refers to stm32f1xx_hal_adc.o(i.HAL_ADC_Init) for HAL_ADC_Init
    main.o(i.MX_ADC2_Init) refers to main.o(i.Error_Handler) for Error_Handler
    main.o(i.MX_ADC2_Init) refers to stm32f1xx_hal_adc.o(i.HAL_ADC_ConfigChannel) for HAL_ADC_ConfigChannel
    main.o(i.MX_ADC2_Init) refers to main.o(.bss) for .bss
    main.o(i.MX_GPIO_Init) refers to stm32f1xx_hal_gpio.o(i.HAL_GPIO_WritePin) for HAL_GPIO_WritePin
    main.o(i.MX_GPIO_Init) refers to stm32f1xx_hal_gpio.o(i.HAL_GPIO_Init) for HAL_GPIO_Init
    main.o(i.MX_I2C1_Init) refers to stm32f1xx_hal_i2c.o(i.HAL_I2C_Init) for HAL_I2C_Init
    main.o(i.MX_I2C1_Init) refers to main.o(i.Error_Handler) for Error_Handler
    main.o(i.MX_I2C1_Init) refers to main.o(.bss) for .bss
    main.o(i.MX_TIM2_Init) refers to memseta.o(.text) for __aeabi_memclr4
    main.o(i.MX_TIM2_Init) refers to stm32f1xx_hal_tim.o(i.HAL_TIM_Encoder_Init) for HAL_TIM_Encoder_Init
    main.o(i.MX_TIM2_Init) refers to main.o(i.Error_Handler) for Error_Handler
    main.o(i.MX_TIM2_Init) refers to stm32f1xx_hal_tim_ex.o(i.HAL_TIMEx_MasterConfigSynchronization) for HAL_TIMEx_MasterConfigSynchronization
    main.o(i.MX_TIM2_Init) refers to main.o(.bss) for .bss
    main.o(i.MX_TIM3_Init) refers to memseta.o(.text) for __aeabi_memclr4
    main.o(i.MX_TIM3_Init) refers to stm32f1xx_hal_tim.o(i.HAL_TIM_Encoder_Init) for HAL_TIM_Encoder_Init
    main.o(i.MX_TIM3_Init) refers to main.o(i.Error_Handler) for Error_Handler
    main.o(i.MX_TIM3_Init) refers to stm32f1xx_hal_tim_ex.o(i.HAL_TIMEx_MasterConfigSynchronization) for HAL_TIMEx_MasterConfigSynchronization
    main.o(i.MX_TIM3_Init) refers to main.o(.bss) for .bss
    main.o(i.MX_TIM4_Init) refers to memseta.o(.text) for __aeabi_memclr4
    main.o(i.MX_TIM4_Init) refers to stm32f1xx_hal_tim.o(i.HAL_TIM_Encoder_Init) for HAL_TIM_Encoder_Init
    main.o(i.MX_TIM4_Init) refers to main.o(i.Error_Handler) for Error_Handler
    main.o(i.MX_TIM4_Init) refers to stm32f1xx_hal_tim_ex.o(i.HAL_TIMEx_MasterConfigSynchronization) for HAL_TIMEx_MasterConfigSynchronization
    main.o(i.MX_TIM4_Init) refers to main.o(.bss) for .bss
    main.o(i.MX_TIM5_Init) refers to memseta.o(.text) for __aeabi_memclr4
    main.o(i.MX_TIM5_Init) refers to stm32f1xx_hal_tim.o(i.HAL_TIM_Encoder_Init) for HAL_TIM_Encoder_Init
    main.o(i.MX_TIM5_Init) refers to main.o(i.Error_Handler) for Error_Handler
    main.o(i.MX_TIM5_Init) refers to stm32f1xx_hal_tim_ex.o(i.HAL_TIMEx_MasterConfigSynchronization) for HAL_TIMEx_MasterConfigSynchronization
    main.o(i.MX_TIM5_Init) refers to main.o(.bss) for .bss
[...]
    SSD1306                                  0x20000100   Data           6  ssd1306.o(.data)
    .data                                    0x20000108   Section        8  fonts.o(.data)
    .data                                    0x20000110   Section        8  communication_serial.o(.data)
    uart2_rx_con                             0x20000110   Data           1  communication_serial.o(.data)
    uart2_rx_checksum                        0x20000111   Data           1  communication_serial.o(.data)
    debug                                    0x20000114   Data           4  communication_serial.o(.data)
    .data                                    0x20000118   Section        8  protocol.o(.data)
    flag                                     0x20000118   Data           1  protocol.o(.data)
    index                                    0x2000011a   Data           2  protocol.o(.data)
    debug                                    0x2000011c   Data           4  protocol.o(.data)
    .data                                    0x20000120   Section        4  stdout.o(.data)
    .data                                    0x20000124   Section        4  errno.o(.data)
    _errno                                   0x20000124   Data           4  errno.o(.data)
    .bss                                     0x20000128   Section      788  main.o(.bss)
    .bss                                     0x2000043c   Section       28  mpu6050.o(.bss)
    .bss                                     0x20000458   Section       16  inv_mpu_dmp_motion_driver.o(.bss)
    dmp                                      0x20000458   Data          16  inv_mpu_dmp_motion_driver.o(.bss)
    .bss                                     0x20000468   Section       20  debug_uart.o(.bss)
    .bss                                     0x20000480   Section      120  kinematics.o(.bss)
    wheel_velocity                           0x200004a0   Data          16  kinematics.o(.bss)
    delta_count                              0x200004b0   Data          32  kinematics.o(.bss)
    delta_v_ave                              0x200004d0   Data          24  kinematics.o(.bss)
    delta_v_integral                         0x200004e8   Data          16  kinematics.o(.bss)
    .bss                                     0x200004f8   Section     1024  ssd1306.o(.bss)
    SSD1306_Buffer                           0x200004f8   Data        1024  ssd1306.o(.bss)
    .bss                                     0x200008f8   Section      180  communication_serial.o(.bss)
    comdata                                  0x200008f8   Data          60  communication_serial.o(.bss)
    uart2_rx_buf                             0x20000934   Data          60  communication_serial.o(.bss)
    uart2_tx_buf                             0x20000970   Data          60  communication_serial.o(.bss)
    .bss                                     0x200009ac   Section      152  protocol.o(.bss)
    set_packet                               0x200009ac   Data          10  protocol.o(.bss)
    parser                                   0x200009b8   Data          12  protocol.o(.bss)
    recv_buf                                 0x200009c4   Data         128  protocol.o(.bss)
    STACK                                    0x20000a48   Section     1024  startup_stm32f10x_hd.o(STACK)

    Global Symbols

    Symbol Name                              Value     Ov Type        Size  Object(Section)

    BuildAttributes$$THM_ISAv4$P$D$K$B$S$PE$A:L22UL41UL21$X:L11$S22US41US21$IEEE1$IW$USESV6$~STKCKD$USESV7$~SHL$OTIME$ROPI$IEEEX$EBA8$MICROLIB$REQ8$PRES8$EABIv2 0x00000000   Number         0  anon$$obj.o ABSOLUTE
    __ARM_use_no_argv                        0x00000000   Number         0  main.o ABSOLUTE
    _printf_a                                0x00000000   Number         0  stubs.o ABSOLUTE
    _printf_c                                0x00000000   Number         0  stubs.o ABSOLUTE
    _printf_charcount                        0x00000000   Number         0  stubs.o ABSOLUTE
    _printf_d                                0x00000000   Number         0  stubs.o ABSOLUTE
    _printf_e                                0x00000000   Number         0  stubs.o ABSOLUTE
    _printf_f                                0x00000000   Number         0  stubs.o ABSOLUTE
    _printf_flags                            0x00000000   Number         0  stubs.o ABSOLUTE
    _printf_fp_dec                           0x00000000   Number         0  stubs.o ABSOLUTE
    _printf_fp_hex                           0x00000000   Number         0  stubs.o ABSOLUTE
    _printf_g                                0x00000000   Number         0  stubs.o ABSOLUTE
    _printf_i                                0x00000000   Number         0  stubs.o ABSOLUTE
    _printf_int_dec                          0x00000000   Number         0  stubs.o ABSOLUTE
    _printf_l                                0x00000000   Number         0  stubs.o ABSOLUTE
    _printf_lc                               0x00000000   Number         0  stubs.o ABSOLUTE
    _printf_ll                               0x00000000   Number         0  stubs.o ABSOLUTE
    _printf_lld                              0x00000000   Number         0  stubs.o ABSOLUTE
    _printf_lli                              0x00000000   Number         0  stubs.o ABSOLUTE
    _printf_llo                              0x00000000   Number         0  stubs.o ABSOLUTE
    _printf_llu                              0x00000000   Number         0  stubs.o ABSOLUTE
    _printf_llx                              0x00000000   Number         0  stubs.o ABSOLUTE
    _printf_longlong_dec                     0x00000000   Number         0  stubs.o ABSOLUTE
    _printf_longlong_hex                     0x00000000   Number         0  stubs.o ABSOLUTE
    _printf_longlong_oct                     0x00000000   Number         0  stubs.o ABSOLUTE
    _printf_ls                               0x00000000   Number         0  stubs.o ABSOLUTE
    _printf_mbtowc                           0x00000000   Number         0  stubs.o ABSOLUTE
    _printf_n                                0x00000000   Number         0  stubs.o ABSOLUTE
    _printf_o                                0x00000000   Number         0  stubs.o ABSOLUTE
    _printf_p                                0x00000000   Number         0  stubs.o ABSOLUTE
    _printf_percent                          0x00000000   Number         0  stubs.o ABSOLUTE
    _printf_pre_padding                      0x00000000   Number         0  stubs.o ABSOLUTE
    _printf_return_value                     0x00000000   Number         0  stubs.o ABSOLUTE
    _printf_s                                0x00000000   Number         0  stubs.o ABSOLUTE
    _printf_sizespec                         0x00000000   Number         0  stubs.o ABSOLUTE
    _printf_str                              0x00000000   Number         0  stubs.o ABSOLUTE
    _printf_truncate_signed                  0x00000000   Number         0  stubs.o ABSOLUTE
    _printf_truncate_unsigned                0x00000000   Number         0  stubs.o ABSOLUTE
    _printf_u                                0x00000000   Number         0  stubs.o ABSOLUTE
    _printf_wc                               0x00000000   Number         0  stubs.o ABSOLUTE
    _printf_wctomb                           0x00000000   Number         0  stubs.o ABSOLUTE
    _printf_widthprec                        0x00000000   Number         0  stubs.o ABSOLUTE
    _printf_x                                0x00000000   Number         0  stubs.o ABSOLUTE
    __cpp_initialize__aeabi_                  - Undefined Weak Reference
    __cxa_finalize                            - Undefined Weak Reference
    __decompress                              - Undefined Weak Reference
    _clock_init                               - Undefined Weak Reference
    _microlib_exit                            - Undefined Weak Reference
    __Vectors_Size                           0x00000130   Number         0  startup_stm32f10x_hd.o ABSOLUTE
    __Vectors                                0x08000000   Data           4  startup_stm32f10x_hd.o(RESET)
    __Vectors_End                            0x08000130   Data           0  startup_stm32f10x_hd.o(RESET)
    __main                                   0x08000131   Thumb Code     0  entry.o(.ARM.Collect$$$$00000000)
    _main_stk                                0x08000131   Thumb Code     0  entry2.o(.ARM.Collect$$$$00000001)
    _main_scatterload                        0x08000135   Thumb Code     0  entry5.o(.ARM.Collect$$$$00000004)
    __main_after_scatterload                 0x08000139   Thumb Code     0  entry5.o(.ARM.Collect$$$$00000004)
    _main_clock                              0x08000139   Thumb Code     0  entry7b.o(.ARM.Collect$$$$00000008)
    _main_cpp_init                           0x08000139   Thumb Code     0  entry8b.o(.ARM.Collect$$$$0000000A)
    _main_init                               0x08000139   Thumb Code     0  entry9a.o(.ARM.Collect$$$$0000000B)
    __rt_final_cpp                           0x08000141   Thumb Code     0  entry10a.o(.ARM.Collect$$$$0000000D)
    __rt_final_exit                          0x08000141   Thumb Code     0  entry11a.o(.ARM.Collect$$$$0000000F)
    Reset_Handler                            0x08000145   Thumb Code     8  startup_stm32f10x_hd.o(.text)
    ADC1_2_IRQHandler                        0x0800015f   Thumb Code     0  startup_stm32f10x_hd.o(.text)
    ADC3_IRQHandler                          0x0800015f   Thumb Code     0  startup_stm32f10x_hd.o(.text)
    CAN1_RX1_IRQHandler                      0x0800015f   Thumb Code     0  startup_stm32f10x_hd.o(.text)
    CAN1_SCE_IRQHandler                      0x0800015f   Thumb Code     0  startup_stm32f10x_hd.o(.text)
    DMA1_Channel1_IRQHandler                 0x0800015f   Thumb Code     0  startup_stm32f10x_hd.o(.text)
    DMA1_Channel2_IRQHandler                 0x0800015f   Thumb Code     0  startup_stm32f10x_hd.o(.text)
    DMA1_Channel3_IRQHandler                 0x0800015f   Thumb Code     0  startup_stm32f10x_hd.o(.text)
    DMA1_Channel4_IRQHandler                 0x0800015f   Thumb Code     0  startup_stm32f10x_hd.o(.text)
    DMA1_Channel5_IRQHandler                 0x0800015f   Thumb Code     0  startup_stm32f10x_hd.o(.text)
    DMA1_Channel6_IRQHandler                 0x0800015f   Thumb Code     0  startup_stm32f10x_hd.o(.text)
    DMA1_Channel7_IRQHandler                 0x0800015f   Thumb Code     0  startup_stm32f10x_hd.o(.text)
    DMA2_Channel1_IRQHandler                 0x0800015f   Thumb Code     0  startup_stm32f10x_hd.o(.text)
    DMA2_Channel2_IRQHandler                 0x0800015f   Thumb Code     0  startup_stm32f10x_hd.o(.text)
    DMA2_Channel3_IRQHandler                 0x0800015f   Thumb Code     0  startup_stm32f10x_hd.o(.text)
    DMA2_Channel4_5_IRQHandler               0x0800015f   Thumb Code     0  startup_stm32f10x_hd.o(.text)
    EXTI0_IRQHandler                         0x0800015f   Thumb Code     0  startup_stm32f10x_hd.o(.text)
    EXTI15_10_IRQHandler                     0x0800015f   Thumb Code     0  startup_stm32f10x_hd.o(.text)
    EXTI1_IRQHandler                         0x0800015f   Thumb Code     0  startup_stm32f10x_hd.o(.text)
    EXTI2_IRQHandler                         0x0800015f   Thumb Code     0  startup_stm32f10x_hd.o(.text)
    EXTI3_IRQHandler                         0x0800015f   Thumb Code     0  startup_stm32f10x_hd.o(.text)
    EXTI4_IRQHandler                         0x0800015f   Thumb Code     0  startup_stm32f10x_hd.o(.text)
    EXTI9_5_IRQHandler                       0x0800015f   Thumb Code     0  startup_stm32f10x_hd.o(.text)
    FLASH_IRQHandler                         0x0800015f   Thumb Code     0  startup_stm32f10x_hd.o(.text)
    FSMC_IRQHandler                          0x0800015f   Thumb Code     0  startup_stm32f10x_hd.o(.text)
    I2C1_ER_IRQHandler                       0x0800015f   Thumb Code     0  startup_stm32f10x_hd.o(.text)
    I2C1_EV_IRQHandler                       0x0800015f   Thumb Code     0  startup_stm32f10x_hd.o(.text)
    I2C2_ER_IRQHandler                       0x0800015f   Thumb Code     0  startup_stm32f10x_hd.o(.text)
    I2C2_EV_IRQHandler                       0x0800015f   Thumb Code     0  startup_stm32f10x_hd.o(.text)
    PVD_IRQHandler                           0x0800015f   Thumb Code     0  startup_stm32f10x_hd.o(.text)
    RCC_IRQHandler                           0x0800015f   Thumb Code     0  startup_stm32f10x_hd.o(.text)
    RTCAlarm_IRQHandler                      0x0800015f   Thumb Code     0  startup_stm32f10x_hd.o(.text)
    RTC_IRQHandler                           0x0800015f   Thumb Code     0  startup_stm32f10x_hd.o(.text)
    SDIO_IRQHandler                          0x0800015f   Thumb Code     0  startup_stm32f10x_hd.o(.text)
    SPI1_IRQHandler                          0x0800015f   Thumb Code     0  startup_stm32f10x_hd.o(.text)
    SPI2_IRQHandler                          0x0800015f   Thumb Code     0  startup_stm32f10x_hd.o(.text)
    SPI3_IRQHandler                          0x0800015f   Thumb Code     0  startup_stm32f10x_hd.o(.text)
    TAMPER_IRQHandler                        0x0800015f   Thumb Code     0  startup_stm32f10x_hd.o(.text)
    TIM1_BRK_IRQHandler                      0x0800015f   Thumb Code     0  startup_stm32f10x_hd.o(.text)
    TIM1_CC_IRQHandler                       0x0800015f   Thumb Code     0  startup_stm32f10x_hd.o(.text)
    TIM1_TRG_COM_IRQHandler                  0x0800015f   Thumb Code     0  startup_stm32f10x_hd.o(.text)
    TIM1_UP_IRQHandler                       0x0800015f   Thumb Code     0  startup_stm32f10x_hd.o(.text)
    TIM2_IRQHandler                          0x0800015f   Thumb Code     0  startup_stm32f10x_hd.o(.text)
    TIM3_IRQHandler                          0x0800015f   Thumb Code     0  startup_stm32f10x_hd.o(.text)
    TIM4_IRQHandler                          0x0800015f   Thumb Code     0  startup_stm32f10x_hd.o(.text)
    TIM5_IRQHandler                          0x0800015f   Thumb Code     0  startup_stm32f10x_hd.o(.text)
    TIM7_IRQHandler                          0x0800015f   Thumb Code     0  startup_stm32f10x_hd.o(.text)
    TIM8_BRK_IRQHandler                      0x0800015f   Thumb Code     0  startup_stm32f10x_hd.o(.text)
    TIM8_CC_IRQHandler                       0x0800015f   Thumb Code     0  startup_stm32f10x_hd.o(.text)
    TIM8_TRG_COM_IRQHandler                  0x0800015f   Thumb Code     0  startup_stm32f10x_hd.o(.text)
    TIM8_UP_IRQHandler                       0x0800015f   Thumb Code     0  startup_stm32f10x_hd.o(.text)
    UART4_IRQHandler                         0x0800015f   Thumb Code     0  startup_stm32f10x_hd.o(.text)
    UART5_IRQHandler                         0x0800015f   Thumb Code     0  startup_stm32f10x_hd.o(.text)
    USBWakeUp_IRQHandler                     0x0800015f   Thumb Code     0  startup_stm32f10x_hd.o(.text)
    USB_HP_CAN1_TX_IRQHandler                0x0800015f   Thumb Code     0  startup_stm32f10x_hd.o(.text)
    USB_LP_CAN1_RX0_IRQHandler               0x0800015f   Thumb Code     0  startup_stm32f10x_hd.o(.text)
    WWDG_IRQHandler                          0x0800015f   Thumb Code     0  startup_stm32f10x_hd.o(.text)
    __aeabi_ldivmod                          0x08000169   Thumb Code    98  ldiv.o(.text)
    __aeabi_llsr                             0x080001cb   Thumb Code    32  llushr.o(.text)
    _ll_ushift_r                             0x080001cb   Thumb Code     0  llushr.o(.text)
    __aeabi_memcpy                           0x080001eb   Thumb Code    36  memcpya.o(.text)
    __aeabi_memcpy4                          0x080001eb   Thumb Code     0  memcpya.o(.text)
    __aeabi_memcpy8                          0x080001eb   Thumb Code     0  memcpya.o(.text)
    __aeabi_memset                           0x0800020f   Thumb Code    14  memseta.o(.text)
    __aeabi_memset4                          0x0800020f   Thumb Code     0  memseta.o(.text)
    __aeabi_memset8                          0x0800020f   Thumb Code     0  memseta.o(.text)
    __aeabi_memclr                           0x0800021d   Thumb Code     4  memseta.o(.text)
    __aeabi_memclr4                          0x0800021d   Thumb Code     0  memseta.o(.text)
    __aeabi_memclr8                          0x0800021d   Thumb Code     0  memseta.o(.text)
    _memset$wrapper                          0x08000221   Thumb Code    18  memseta.o(.text)
    strstr                                   0x08000233   Thumb Code    36  strstr.o(.text)
    memcmp                                   0x08000257   Thumb Code    26  memcmp.o(.text)
    atoi                                     0x08000271   Thumb Code    26  atoi.o(.text)
    __aeabi_fadd                             0x0800028b   Thumb Code   164  fadd.o(.text)
    __aeabi_fsub                             0x0800032f   Thumb Code     6  fadd.o(.text)
    __aeabi_frsub                            0x08000335   Thumb Code     6  fadd.o(.text)
    __aeabi_fmul                             0x0800033b   Thumb Code   100  fmul.o(.text)
    __aeabi_fdiv                             0x0800039f   Thumb Code   124  fdiv.o(.text)
    __ARM_scalbnf                            0x0800041b   Thumb Code    24  fscalb.o(.text)
    scalbnf                                  0x0800041b   Thumb Code     0  fscalb.o(.text)
    __aeabi_dadd                             0x08000433   Thumb Code   322  dadd.o(.text)
    __aeabi_dsub                             0x08000575   Thumb Code     6  dadd.o(.text)
    __aeabi_drsub                            0x0800057b   Thumb Code     6  dadd.o(.text)
    __aeabi_dmul                             0x08000581   Thumb Code   228  dmul.o(.text)
    __aeabi_ddiv                             0x08000665   Thumb Code   222  ddiv.o(.text)
    __ARM_scalbn                             0x08000743   Thumb Code    46  dscalb.o(.text)
    scalbn                                   0x08000743   Thumb Code     0  dscalb.o(.text)
    __aeabi_i2f                              0x08000771   Thumb Code    18  fflti.o(.text)
    __aeabi_ui2f                             0x08000783   Thumb Code    10  ffltui.o(.text)
    __aeabi_i2d                              0x0800078d   Thumb Code    34  dflti.o(.text)
    __aeabi_f2iz                             0x080007af   Thumb Code    50  ffixi.o(.text)
    __aeabi_f2uiz                            0x080007e1   Thumb Code    40  ffixui.o(.text)
    __aeabi_d2iz                             0x08000809   Thumb Code    62  dfixi.o(.text)
    __aeabi_f2d                              0x08000847   Thumb Code    38  f2d.o(.text)
    __aeabi_cdcmpeq                          0x0800086d   Thumb Code     0  cdcmple.o(.text)
    __aeabi_cdcmple                          0x0800086d   Thumb Code    48  cdcmple.o(.text)
    __aeabi_cdrcmple                         0x0800089d   Thumb Code    48  cdrcmple.o(.text)
    __aeabi_d2f                              0x080008cd   Thumb Code    56  d2f.o(.text)
    __aeabi_uidiv                            0x08000905   Thumb Code     0  uidiv.o(.text)
    __aeabi_uidivmod                         0x08000905   Thumb Code    44  uidiv.o(.text)
    __aeabi_uldivmod                         0x08000931   Thumb Code    98  uldiv.o(.text)
    __aeabi_llsl                             0x08000993   Thumb Code    30  llshl.o(.text)
    _ll_shift_l                              0x08000993   Thumb Code     0  llshl.o(.text)
    __aeabi_lasr                             0x080009b1   Thumb Code    36  llsshr.o(.text)
    _ll_sshift_r                             0x080009b1   Thumb Code     0  llsshr.o(.text)
    strtol                                   0x080009d5   Thumb Code   112  strtol.o(.text)
    __I$use$fp                               0x08000a45   Thumb Code     0  iusefp.o(.text)
    _float_round                             0x08000a45   Thumb Code    18  fepilogue.o(.text)
    _float_epilogue                          0x08000a57   Thumb Code    92  fepilogue.o(.text)
    _double_round                            0x08000ab3   Thumb Code    30  depilogue.o(.text)
    _double_epilogue                         0x08000ad1   Thumb Code   156  depilogue.o(.text)
    __aeabi_d2ulz                            0x08000b6d   Thumb Code    48  dfixul.o(.text)
    __scatterload                            0x08000b9d   Thumb Code    28  init.o(.text)
    __scatterload_rt2                        0x08000b9d   Thumb Code     0  init.o(.text)
    __rt_ctype_table                         0x08000bc1   Thumb Code     4  ctype_o.o(.text)
    _strtoul                                 0x08000bc9   Thumb Code   158  _strtoul.o(.text)
    _dsqrt                                   0x08000c67   Thumb Code   162  dsqrt.o(.text)
    __aeabi_ui2d                             0x08000d09   Thumb Code    26  dfltui.o(.text)
    _chval                                   0x08000d23   Thumb Code    28  _chval.o(.text)
    ADC_ConversionStop_Disable               0x08000d41   Thumb Code    76  stm32f1xx_hal_adc.o(i.ADC_ConversionStop_Disable)
    BusFault_Handler                         0x08000d8d   Thumb Code     2  stm32f1xx_it.o(i.BusFault_Handler)
    DebugMon_Handler                         0x08000d8f   Thumb Code     2  stm32f1xx_it.o(i.DebugMon_Handler)
    Enable_UART_Receive                      0x08000d91   Thumb Code    26  debug_uart.o(i.Enable_UART_Receive)
    Error_Handler                            0x08000db9   Thumb Code    16  main.o(i.Error_Handler)
    Get_Encode_Motor_A                       0x08000de5   Thumb Code     8  motor_encode.o(i.Get_Encode_Motor_A)
    Get_Encode_Motor_B                       0x08000df1   Thumb Code     8  motor_encode.o(i.Get_Encode_Motor_B)
    Get_Encode_Motor_C                       0x08000dfd   Thumb Code     8  motor_encode.o(i.Get_Encode_Motor_C)
    Get_Encode_Motor_D                       0x08000e09   Thumb Code     8  motor_encode.o(i.Get_Encode_Motor_D)
    HAL_ADC_ConfigChannel                    0x08000e15   Thumb Code   240  stm32f1xx_hal_adc.o(i.HAL_ADC_ConfigChannel)
    HAL_ADC_Init                             0x08000f11   Thumb Code   276  stm32f1xx_hal_adc.o(i.HAL_ADC_Init)
    HAL_ADC_MspInit                          0x08001035   Thumb Code    76  stm32f1xx_hal_msp.o(i.HAL_ADC_MspInit)
    HAL_DMA_Abort_IT                         0x0800108d   Thumb Code   296  stm32f1xx_hal_dma.o(i.HAL_DMA_Abort_IT)
    HAL_Delay                                0x080011bd   Thumb Code    32  stm32f1xx_hal.o(i.HAL_Delay)
    HAL_GPIO_Init                            0x080011e1   Thumb Code   462  stm32f1xx_hal_gpio.o(i.HAL_GPIO_Init)
    HAL_GPIO_TogglePin                       0x080013d9   Thumb Code    16  stm32f1xx_hal_gpio.o(i.HAL_GPIO_TogglePin)
    HAL_GPIO_WritePin                        0x080013e9   Thumb Code    10  stm32f1xx_hal_gpio.o(i.HAL_GPIO_WritePin)
    HAL_GetTick                              0x080013f5   Thumb Code     6  stm32f1xx_hal.o(i.HAL_GetTick)
    HAL_I2C_Init                             0x08001401   Thumb Code   376  stm32f1xx_hal_i2c.o(i.HAL_I2C_Init)
    HAL_I2C_Mem_Read                         0x08001589   Thumb Code   574  stm32f1xx_hal_i2c.o(i.HAL_I2C_Mem_Read)
    HAL_I2C_Mem_Write                        0x080017d9   Thumb Code   294  stm32f1xx_hal_i2c.o(i.HAL_I2C_Mem_Write)
    HAL_I2C_MspInit                          0x08001909   Thumb Code    96  stm32f1xx_hal_msp.o(i.HAL_I2C_MspInit)
    HAL_IncTick                              0x08001979   Thumb Code    12  stm32f1xx_hal.o(i.HAL_IncTick)
    HAL_Init                                 0x08001989   Thumb Code    32  stm32f1xx_hal.o(i.HAL_Init)
    HAL_InitTick                             0x080019ad   Thumb Code    54  stm32f1xx_hal.o(i.HAL_InitTick)
    HAL_MspInit                              0x080019ed   Thumb Code    52  stm32f1xx_hal_msp.o(i.HAL_MspInit)
    HAL_NVIC_EnableIRQ                       0x08001a29   Thumb Code    26  stm32f1xx_hal_cortex.o(i.HAL_NVIC_EnableIRQ)
    HAL_NVIC_SetPriority                     0x08001a45   Thumb Code    60  stm32f1xx_hal_cortex.o(i.HAL_NVIC_SetPriority)
    HAL_NVIC_SetPriorityGrouping             0x08001a85   Thumb Code    26  stm32f1xx_hal_cortex.o(i.HAL_NVIC_SetPriorityGrouping)
    HAL_NVIC_SystemReset                     0x08001aa9   Thumb Code    26  stm32f1xx_hal_cortex.o(i.HAL_NVIC_SystemReset)
    HAL_RCCEx_PeriphCLKConfig                0x08001acd   Thumb Code   224  stm32f1xx_hal_rcc_ex.o(i.HAL_RCCEx_PeriphCLKConfig)
    HAL_RCC_ClockConfig                      0x08001bb9   Thumb Code   280  stm32f1xx_hal_rcc.o(i.HAL_RCC_ClockConfig)
    HAL_RCC_GetPCLK1Freq                     0x08001ce5   Thumb Code    20  stm32f1xx_hal_rcc.o(i.HAL_RCC_GetPCLK1Freq)
    HAL_RCC_GetPCLK2Freq                     0x08001d05   Thumb Code    20  stm32f1xx_hal_rcc.o(i.HAL_RCC_GetPCLK2Freq)
    HAL_RCC_GetSysClockFreq                  0x08001d25   Thumb Code    74  stm32f1xx_hal_rcc.o(i.HAL_RCC_GetSysClockFreq)
    HAL_RCC_OscConfig                        0x08001d91   Thumb Code   778  stm32f1xx_hal_rcc.o(i.HAL_RCC_OscConfig)
    HAL_SYSTICK_Config                       0x080020b1   Thumb Code    40  stm32f1xx_hal_cortex.o(i.HAL_SYSTICK_Config)
    HAL_TIMEx_BreakCallback                  0x080020d9   Thumb Code     2  stm32f1xx_hal_tim_ex.o(i.HAL_TIMEx_BreakCallback)
    HAL_TIMEx_CommutCallback                 0x080020db   Thumb Code     2  stm32f1xx_hal_tim_ex.o(i.HAL_TIMEx_CommutCallback)
    HAL_TIMEx_ConfigBreakDeadTime            0x080020dd   Thumb Code    84  stm32f1xx_hal_tim_ex.o(i.HAL_TIMEx_ConfigBreakDeadTime)
    HAL_TIMEx_MasterConfigSynchronization    0x08002131   Thumb Code   104  stm32f1xx_hal_tim_ex.o(i.HAL_TIMEx_MasterConfigSynchronization)
    HAL_TIM_Base_Init                        0x080021ad   Thumb Code    90  stm32f1xx_hal_tim.o(i.HAL_TIM_Base_Init)
    HAL_TIM_Base_MspInit                     0x08002209   Thumb Code    72  stm32f1xx_hal_msp.o(i.HAL_TIM_Base_MspInit)
    HAL_TIM_Base_Start_IT                    0x0800225d   Thumb Code    88  stm32f1xx_hal_tim.o(i.HAL_TIM_Base_Start_IT)
    HAL_TIM_ConfigClockSource                0x080022c9   Thumb Code   214  stm32f1xx_hal_tim.o(i.HAL_TIM_ConfigClockSource)
    HAL_TIM_Encoder_Init                     0x0800239f   Thumb Code   164  stm32f1xx_hal_tim.o(i.HAL_TIM_Encoder_Init)
    HAL_TIM_Encoder_MspInit                  0x08002445   Thumb Code   294  stm32f1xx_hal_msp.o(i.HAL_TIM_Encoder_MspInit)
    HAL_TIM_Encoder_Start                    0x08002589   Thumb Code   142  stm32f1xx_hal_tim.o(i.HAL_TIM_Encoder_Start)
    HAL_TIM_IC_CaptureCallback               0x08002617   Thumb Code     2  stm32f1xx_hal_tim.o(i.HAL_TIM_IC_CaptureCallback)
    HAL_TIM_IRQHandler                       0x08002619   Thumb Code   358  stm32f1xx_hal_tim.o(i.HAL_TIM_IRQHandler)
    HAL_TIM_MspPostInit                      0x08002781   Thumb Code    64  stm32f1xx_hal_msp.o(i.HAL_TIM_MspPostInit)
    HAL_TIM_OC_DelayElapsedCallback          0x080027cd   Thumb Code     2  stm32f1xx_hal_tim.o(i.HAL_TIM_OC_DelayElapsedCallback)
    HAL_TIM_PWM_ConfigChannel                0x080027cf   Thumb Code   198  stm32f1xx_hal_tim.o(i.HAL_TIM_PWM_ConfigChannel)
    HAL_TIM_PWM_Init                         0x08002895   Thumb Code    90  stm32f1xx_hal_tim.o(i.HAL_TIM_PWM_Init)
    HAL_TIM_PWM_MspInit                      0x080028ef   Thumb Code     2  stm32f1xx_hal_tim.o(i.HAL_TIM_PWM_MspInit)
    HAL_TIM_PWM_PulseFinishedCallback        0x080028f1   Thumb Code     2  stm32f1xx_hal_tim.o(i.HAL_TIM_PWM_PulseFinishedCallback)
    HAL_TIM_PWM_Start                        0x080028f5   Thumb Code   160  stm32f1xx_hal_tim.o(i.HAL_TIM_PWM_Start)
    HAL_TIM_PeriodElapsedCallback            0x080029a9   Thumb Code    18  main_loop.o(i.HAL_TIM_PeriodElapsedCallback)
    HAL_TIM_TriggerCallback                  0x080029c5   Thumb Code     2  stm32f1xx_hal_tim.o(i.HAL_TIM_TriggerCallback)
    HAL_UART_ErrorCallback                   0x080029c7   Thumb Code     2  stm32f1xx_hal_uart.o(i.HAL_UART_ErrorCallback)
    HAL_UART_IRQHandler                      0x080029c9   Thumb Code   344  stm32f1xx_hal_uart.o(i.HAL_UART_IRQHandler)
    HAL_UART_Init                            0x08002b25   Thumb Code    98  stm32f1xx_hal_uart.o(i.HAL_UART_Init)
    HAL_UART_MspInit                         0x08002b89   Thumb Code   300  stm32f1xx_hal_msp.o(i.HAL_UART_MspInit)
    HAL_UART_Receive_IT                      0x08002cd1   Thumb Code    82  stm32f1xx_hal_uart.o(i.HAL_UART_Receive_IT)
    HAL_UART_RxCpltCallback                  0x08002d25   Thumb Code   278  debug_uart.o(i.HAL_UART_RxCpltCallback)
    HAL_UART_Transmit                        0x08002e91   Thumb Code   178  stm32f1xx_hal_uart.o(i.HAL_UART_Transmit)
    HAL_UART_TxCpltCallback                  0x08002f43   Thumb Code     2  stm32f1xx_hal_uart.o(i.HAL_UART_TxCpltCallback)
    HardFault_Handler                        0x08002f45   Thumb Code     2  stm32f1xx_it.o(i.HardFault_Handler)
    Kinematics_Forward                       0x08003315   Thumb Code   790  kinematics.o(i.Kinematics_Forward)
    Kinematics_Init                          0x08003679   Thumb Code   120  kinematics.o(i.Kinematics_Init)
    Kinematics_Inverse                       0x08003711   Thumb Code   254  kinematics.o(i.Kinematics_Inverse)
    MOTOR_A_Control                          0x08003821   Thumb Code    68  motor_drive.o(i.MOTOR_A_Control)
    MOTOR_B_Control                          0x08003895   Thumb Code    68  motor_drive.o(i.MOTOR_B_Control)
    MOTOR_C_Control                          0x08003909   Thumb Code    68  motor_drive.o(i.MOTOR_C_Control)
    MOTOR_D_Control                          0x0800397d   Thumb Code    68  motor_drive.o(i.MOTOR_D_Control)
    MPU6050_Init                             0x080039f1   Thumb Code    78  main.o(i.MPU6050_Init)
    MemManage_Handler                        0x08003ee1   Thumb Code     2  stm32f1xx_it.o(i.MemManage_Handler)
    Motor_A_SetSpeed                         0x08003ee5   Thumb Code    56  motor_drive.o(i.Motor_A_SetSpeed)
    Motor_B_SetSpeed                         0x08003f49   Thumb Code    56  motor_drive.o(i.Motor_B_SetSpeed)
    Motor_C_SetSpeed                         0x08003fad   Thumb Code    56  motor_drive.o(i.Motor_C_SetSpeed)
    Motor_D_SetSpeed                         0x08004011   Thumb Code    56  motor_drive.o(i.Motor_D_SetSpeed)
    Motor_Init                               0x08004075   Thumb Code    44  motor_drive.o(i.Motor_Init)
    NMI_Handler                              0x080040a5   Thumb Code     2  stm32f1xx_it.o(i.NMI_Handler)
    PID_MotorVelocityCtlA                    0x080040a9   Thumb Code   154  motor_pid.o(i.PID_MotorVelocityCtlA)
    PID_MotorVelocityCtlB                    0x0800414d   Thumb Code   154  motor_pid.o(i.PID_MotorVelocityCtlB)
    PID_MotorVelocityCtlC                    0x080041f1   Thumb Code   154  motor_pid.o(i.PID_MotorVelocityCtlC)
    PID_MotorVelocityCtlD                    0x08004295   Thumb Code   154  motor_pid.o(i.PID_MotorVelocityCtlD)
    PID_Software_init                        0x08004339   Thumb Code    62  main.o(i.PID_Software_init)
    PendSV_Handler                           0x0800437d   Thumb Code     2  stm32f1xx_it.o(i.PendSV_Handler)
    ROBOT_GetImuData                         0x08004381   Thumb Code    90  main.o(i.ROBOT_GetImuData)
    ROBOT_SendDataToJetson                   0x080043ed   Thumb Code   230  communication_serial.o(i.ROBOT_SendDataToJetson)
    Robot_Move_Ctrl                          0x080044e9   Thumb Code   224  main.o(i.Robot_Move_Ctrl)
    SVC_Handler                              0x080045d1   Thumb Code     2  stm32f1xx_it.o(i.SVC_Handler)
    Set_Encode_Count_A                       0x080045d5   Thumb Code     8  motor_encode.o(i.Set_Encode_Count_A)
    Set_Encode_Count_B                       0x080045e1   Thumb Code     8  motor_encode.o(i.Set_Encode_Count_B)
    Set_Encode_Count_C                       0x080045ed   Thumb Code     8  motor_encode.o(i.Set_Encode_Count_C)
    Set_Encode_Count_D                       0x080045f9   Thumb Code     8  motor_encode.o(i.Set_Encode_Count_D)
    Set_Motor_PWM                            0x08004605   Thumb Code    22  motor_drive.o(i.Set_Motor_PWM)
    Set_PWM_Compare                          0x08004635   Thumb Code    28  motor_drive.o(i.Set_PWM_Compare)
    Start_Encode                             0x08004651   Thumb Code    64  motor_encode.o(i.Start_Encode)
    Start_Main_Loop                          0x080046c5   Thumb Code     6  main_loop.o(i.Start_Main_Loop)
    Start_Motor                              0x080046d1   Thumb Code   246  motor_drive.o(i.Start_Motor)
    Stop_Motor                               0x08004845   Thumb Code   184  motor_drive.o(i.Stop_Motor)
    SysTick_Handler                          0x08004925   Thumb Code     4  stm32f1xx_it.o(i.SysTick_Handler)
    SystemClock_Config                       0x08004929   Thumb Code   122  main.o(i.SystemClock_Config)
    SystemInit                               0x080049a3   Thumb Code     2  system_stm32f1xx.o(i.SystemInit)
    TIM6_IRQHandler                          0x080049a5   Thumb Code     6  stm32f1xx_it.o(i.TIM6_IRQHandler)
    TIM_Base_SetConfig                       0x080049b1   Thumb Code   120  stm32f1xx_hal_tim.o(i.TIM_Base_SetConfig)
    TIM_CCxChannelCmd                        0x08004a3d   Thumb Code    26  stm32f1xx_hal_tim.o(i.TIM_CCxChannelCmd)
    TIM_ETR_SetConfig                        0x08004a57   Thumb Code    20  stm32f1xx_hal_tim.o(i.TIM_ETR_SetConfig)
    TIM_OC2_SetConfig                        0x08004add   Thumb Code    98  stm32f1xx_hal_tim.o(i.TIM_OC2_SetConfig)
    UART_Jetson_SendPacket                   0x08004c75   Thumb Code    84  communication_serial.o(i.UART_Jetson_SendPacket)
    USART1_IRQHandler                        0x08004e7d   Thumb Code    22  stm32f1xx_it.o(i.USART1_IRQHandler)
    USART2_IRQHandler                        0x08004e9d   Thumb Code    24  stm32f1xx_it.o(i.USART2_IRQHandler)
    USART2_Resolve_Data                      0x08004eb9   Thumb Code   292  communication_serial.o(i.USART2_Resolve_Data)
    USART3_IRQHandler                        0x08005061   Thumb Code    28  stm32f1xx_it.o(i.USART3_IRQHandler)
    UsageFault_Handler                       0x08005081   Thumb Code     2  stm32f1xx_it.o(i.UsageFault_Handler)
    __0printf                                0x08005085   Thumb Code    22  printfa.o(i.__0printf)
    __1printf                                0x08005085   Thumb Code     0  printfa.o(i.__0printf)
    __2printf                                0x08005085   Thumb Code     0  printfa.o(i.__0printf)
    __c89printf                              0x08005085   Thumb Code     0  printfa.o(i.__0printf)
    printf                                   0x08005085   Thumb Code     0  printfa.o(i.__0printf)
    __ARM_fpclassify                         0x080050a5   Thumb Code    40  fpclassify.o(i.__ARM_fpclassify)
    __aeabi_errno_addr                       0x080050ed   Thumb Code     4  errno.o(i.__aeabi_errno_addr)
    __rt_errno_addr                          0x080050ed   Thumb Code     0  errno.o(i.__aeabi_errno_addr)
    __ieee754_rem_pio2                       0x080050f5   Thumb Code   828  rred.o(i.__ieee754_rem_pio2)
    __kernel_cos                             0x0800547d   Thumb Code   230  cos_i.o(i.__kernel_cos)
    __kernel_poly                            0x08005579   Thumb Code   170  poly.o(i.__kernel_poly)
    __kernel_sin                             0x08005625   Thumb Code   224  sin_i.o(i.__kernel_sin)
    __mathlib_dbl_infnan                     0x08005711   Thumb Code     6  dunder.o(i.__mathlib_dbl_infnan)
    __mathlib_dbl_infnan2                    0x08005717   Thumb Code     4  dunder.o(i.__mathlib_dbl_infnan2)
    __mathlib_dbl_invalid                    0x0800571b   Thumb Code    12  dunder.o(i.__mathlib_dbl_invalid)
    __mathlib_dbl_underflow                  0x08005729   Thumb Code    10  dunder.o(i.__mathlib_dbl_underflow)
    __scatterload_copy                       0x08005739   Thumb Code    14  handlers.o(i.__scatterload_copy)
    __scatterload_null                       0x08005747   Thumb Code     2  handlers.o(i.__scatterload_null)
    __scatterload_zeroinit                   0x08005749   Thumb Code    14  handlers.o(i.__scatterload_zeroinit)
    __set_errno                              0x08005759   Thumb Code     6  errno.o(i.__set_errno)
    asin                                     0x08006079   Thumb Code   572  asin.o(i.asin)
    atan                                     0x080062e9   Thumb Code   474  atan.o(i.atan)
    atan2                                    0x08006509   Thumb Code   346  atan2.o(i.atan2)
    check_sum                                0x08006689   Thumb Code    20  protocol.o(i.check_sum)
    check_tim6_status                        0x0800669d   Thumb Code    20  main_loop.o(i.check_tim6_status)
    cos                                      0x080066b5   Thumb Code   148  cos.o(i.cos)
    dmp_enable_6x_lp_quat                    0x08006751   Thumb Code    58  inv_mpu_dmp_motion_driver.o(i.dmp_enable_6x_lp_quat)
    dmp_enable_feature                       0x0800678d   Thumb Code   464  inv_mpu_dmp_motion_driver.o(i.dmp_enable_feature)
    dmp_enable_gyro_cal                      0x08006965   Thumb Code    34  inv_mpu_dmp_motion_driver.o(i.dmp_enable_gyro_cal)
    dmp_enable_lp_quat                       0x080069a1   Thumb Code    58  inv_mpu_dmp_motion_driver.o(i.dmp_enable_lp_quat)
    dmp_i2c_read                             0x080069dd   Thumb Code    26  mpu6050.o(i.dmp_i2c_read)
    dmp_i2c_write                            0x080069fd   Thumb Code    26  mpu6050.o(i.dmp_i2c_write)
    dmp_init                                 0x08006a1d   Thumb Code   794  mpu6050.o(i.dmp_init)
    dmp_load_motion_driver_firmware          0x0800700d   Thumb Code    16  inv_mpu_dmp_motion_driver.o(i.dmp_load_motion_driver_firmware)
    dmp_read_fifo                            0x08007021   Thumb Code   320  inv_mpu_dmp_motion_driver.o(i.dmp_read_fifo)
    dmp_set_accel_bias                       0x08007165   Thumb Code   210  inv_mpu_dmp_motion_driver.o(i.dmp_set_accel_bias)
    dmp_set_fifo_rate                        0x0800723d   Thumb Code    82  inv_mpu_dmp_motion_driver.o(i.dmp_set_fifo_rate)
    dmp_set_gyro_bias                        0x080072a1   Thumb Code   196  inv_mpu_dmp_motion_driver.o(i.dmp_set_gyro_bias)
    dmp_set_orientation                      0x0800736d   Thumb Code   246  inv_mpu_dmp_motion_driver.o(i.dmp_set_orientation)
    dmp_set_shake_reject_thresh              0x08007479   Thumb Code    48  inv_mpu_dmp_motion_driver.o(i.dmp_set_shake_reject_thresh)
    dmp_set_shake_reject_time                0x080074a9   Thumb Code    32  inv_mpu_dmp_motion_driver.o(i.dmp_set_shake_reject_time)
    dmp_set_shake_reject_timeout             0x080074c9   Thumb Code    32  inv_mpu_dmp_motion_driver.o(i.dmp_set_shake_reject_timeout)
    dmp_set_tap_axes                         0x080074e9   Thumb Code    64  inv_mpu_dmp_motion_driver.o(i.dmp_set_tap_axes)
    dmp_set_tap_count                        0x08007529   Thumb Code    34  inv_mpu_dmp_motion_driver.o(i.dmp_set_tap_count)
    dmp_set_tap_thresh                       0x0800754d   Thumb Code   274  inv_mpu_dmp_motion_driver.o(i.dmp_set_tap_thresh)
    dmp_set_tap_time                         0x08007675   Thumb Code    32  inv_mpu_dmp_motion_driver.o(i.dmp_set_tap_time)
    dmp_set_tap_time_multi                   0x08007695   Thumb Code    32  inv_mpu_dmp_motion_driver.o(i.dmp_set_tap_time_multi)
    f4_get_tick_ms_cnt                       0x080076b5   Thumb Code    12  mpu6050.o(i.f4_get_tick_ms_cnt)
    fputc                                    0x080076c1   Thumb Code    22  main.o(i.fputc)
    lcd_init                                 0x08007bb9   Thumb Code    88  main.o(i.lcd_init)
    lcd_start                                0x08007c19   Thumb Code    74  main.o(i.lcd_start)
    main                                     0x08007c85   Thumb Code   348  main.o(i.main)
    mpu_configure_fifo                       0x08007e0d   Thumb Code    78  inv_mpu.o(i.mpu_configure_fifo)
    mpu_get_accel_fsr                        0x08007e61   Thumb Code    54  inv_mpu.o(i.mpu_get_accel_fsr)
    mpu_get_accel_sens                       0x08007e9d   Thumb Code    62  inv_mpu.o(i.mpu_get_accel_sens)
    mpu_get_gyro_fsr                         0x08007ee1   Thumb Code    48  inv_mpu.o(i.mpu_get_gyro_fsr)
    mpu_get_gyro_sens                        0x08007f15   Thumb Code    44  inv_mpu.o(i.mpu_get_gyro_sens)
    mpu_get_lpf                              0x08007f55   Thumb Code    52  inv_mpu.o(i.mpu_get_lpf)
    mpu_get_sample_rate                      0x08007f8d   Thumb Code    22  inv_mpu.o(i.mpu_get_sample_rate)
    mpu_init                                 0x08007fa9   Thumb Code   310  inv_mpu.o(i.mpu_init)
    mpu_load_firmware                        0x08008131   Thumb Code   154  inv_mpu.o(i.mpu_load_firmware)
    mpu_lp_accel_mode                        0x080081d1   Thumb Code   178  inv_mpu.o(i.mpu_lp_accel_mode)
    mpu_read_fifo_stream                     0x08008289   Thumb Code   140  inv_mpu.o(i.mpu_read_fifo_stream)
    mpu_read_mem                             0x08008319   Thumb Code    80  inv_mpu.o(i.mpu_read_mem)
    mpu_reset_fifo                           0x0800836d   Thumb Code   346  inv_mpu.o(i.mpu_reset_fifo)
    mpu_run_self_test                        0x080084cd   Thumb Code   234  inv_mpu.o(i.mpu_run_self_test)
    mpu_set_accel_fsr                        0x080085bd   Thumb Code    98  inv_mpu.o(i.mpu_set_accel_fsr)
    mpu_set_bypass                           0x08008625   Thumb Code   214  inv_mpu.o(i.mpu_set_bypass)
    mpu_set_dmp_state                        0x08008701   Thumb Code   114  inv_mpu.o(i.mpu_set_dmp_state)
    mpu_set_gyro_fsr                         0x08008779   Thumb Code   104  inv_mpu.o(i.mpu_set_gyro_fsr)
    mpu_set_int_latched                      0x080087e5   Thumb Code    94  inv_mpu.o(i.mpu_set_int_latched)
    mpu_set_lpf                              0x08008849   Thumb Code   102  inv_mpu.o(i.mpu_set_lpf)
    mpu_set_sample_rate                      0x080088b5   Thumb Code   124  inv_mpu.o(i.mpu_set_sample_rate)
    mpu_set_sensors                          0x08008935   Thumb Code   178  inv_mpu.o(i.mpu_set_sensors)
    mpu_write_mem                            0x080089ed   Thumb Code    80  inv_mpu.o(i.mpu_write_mem)
    my_hal_delay                             0x08008a41   Thumb Code     4  mpu6050.o(i.my_hal_delay)
    protocol_data_recv                       0x08008a45   Thumb Code    82  protocol.o(i.protocol_data_recv)
    protocol_init                            0x08008c55   Thumb Code    20  protocol.o(i.protocol_init)
    read_dmp                                 0x08008c6d   Thumb Code   406  mpu6050.o(i.read_dmp)
    receiving_process                        0x08008e09   Thumb Code   206  protocol.o(i.receiving_process)
    set_computer_value                       0x08008fe9   Thumb Code    98  protocol.o(i.set_computer_value)
    sin                                      0x080090b5   Thumb Code   150  sin.o(i.sin)
    sqrt                                     0x08009155   Thumb Code    76  sqrt.o(i.sqrt)
    ssd1306_DrawPixel                        0x080091a1   Thumb Code    54  ssd1306.o(i.ssd1306_DrawPixel)
    ssd1306_Fill                             0x080091e1   Thumb Code    28  ssd1306.o(i.ssd1306_Fill)
    ssd1306_Init                             0x08009201   Thumb Code   324  ssd1306.o(i.ssd1306_Init)
    ssd1306_SetCursor                        0x08009349   Thumb Code     8  ssd1306.o(i.ssd1306_SetCursor)
    ssd1306_UpdateScreen                     0x08009355   Thumb Code    78  ssd1306.o(i.ssd1306_UpdateScreen)
    ssd1306_WriteChar                        0x080093a9   Thumb Code   150  ssd1306.o(i.ssd1306_WriteChar)
    ssd1306_WriteString                      0x08009461   Thumb Code    44  ssd1306.o(i.ssd1306_WriteString)
    switch_channel                           0x0800948d   Thumb Code    44  debug_uart.o(i.switch_channel)
    sync_computer_current_speed              0x080094d9   Thumb Code    44  protocol.o(i.sync_computer_current_speed)
    test_inverse                             0x0800950d   Thumb Code    38  debug_uart.o(i.test_inverse)
    test_motor                               0x0800955d   Thumb Code   264  debug_uart.o(i.test_motor)
    w_mpu_init                               0x080096ed   Thumb Code   190  mpu6050.o(i.w_mpu_init)
    w_mpu_read_all_raw_data                  0x080097e9   Thumb Code   110  mpu6050.o(i.w_mpu_read_all_raw_data)
    w_mpu_read_byte                          0x08009865   Thumb Code    40  mpu6050.o(i.w_mpu_read_byte)
    w_mpu_read_byte_len                      0x08009895   Thumb Code    30  mpu6050.o(i.w_mpu_read_byte_len)
    w_mpu_read_device_address                0x080098b9   Thumb Code    20  mpu6050.o(i.w_mpu_read_device_address)
    w_mpu_set_acce_fsr                       0x080098d1   Thumb Code    20  mpu6050.o(i.w_mpu_set_acce_fsr)
    w_mpu_set_dlpf                           0x080098e5   Thumb Code    18  mpu6050.o(i.w_mpu_set_dlpf)
    w_mpu_set_gyro_fsr                       0x080098f7   Thumb Code    20  mpu6050.o(i.w_mpu_set_gyro_fsr)
    w_mpu_set_sample_rate                    0x0800990b   Thumb Code    18  mpu6050.o(i.w_mpu_set_sample_rate)
    w_mpu_write_byte                         0x0800991d   Thumb Code    40  mpu6050.o(i.w_mpu_write_byte)
    AHBPrescTable                            0x08009948   Data          16  system_stm32f1xx.o(.constdata)
    APBPrescTable                            0x08009958   Data           8  system_stm32f1xx.o(.constdata)
    reg                                      0x08009960   Data          30  inv_mpu.o(.constdata)
    hw                                       0x0800997e   Data          12  inv_mpu.o(.constdata)
    test                                     0x0800998c   Data          40  inv_mpu.o(.constdata)
    __mathlib_zero                           0x0800b420   Data           8  qnan.o(.constdata)
    __ctype_table                            0x0800b518   Data         129  ctype_o.o(.constdata)
    Region$$Table$$Base                      0x0800b690   Number         0  anon$$obj.o(Region$$Table)
    Region$$Table$$Limit                     0x0800b6b0   Number         0  anon$$obj.o(Region$$Table)
    robot_params                             0x20000004   Data           4  main.o(.data)
    robot_target_speed                       0x20000008   Data           6  main.o(.data)
    encoder_delta                            0x2000000e   Data           8  main.o(.data)
    encoder_sum                              0x20000016   Data           8  main.o(.data)
    motor_pwm                                0x2000001e   Data           8  main.o(.data)
    encoder_delta_target                     0x20000026   Data           8  main.o(.data)
    uwTickFreq                               0x20000030   Data           1  stm32f1xx_hal.o(.data)
    uwTickPrio                               0x20000034   Data           4  stm32f1xx_hal.o(.data)
    uwTick                                   0x20000038   Data           4  stm32f1xx_hal.o(.data)
    SystemCoreClock                          0x2000003c   Data           4  system_stm32f1xx.o(.data)
    wheel_track_cali                         0x2000009c   Data           4  kinematics.o(.data)
    ticks_per_meter                          0x200000a0   Data           8  kinematics.o(.data)
    linear_correction_factor                 0x200000a8   Data           8  kinematics.o(.data)
    angular_correction_factor                0x200000b0   Data           8  kinematics.o(.data)
    motor_kp                                 0x200000c0   Data           2  motor_pid.o(.data)
    motor_ki                                 0x200000c2   Data           2  motor_pid.o(.data)
    motor_kd                                 0x200000c4   Data           2  motor_pid.o(.data)
    Font_11x18                               0x20000108   Data           8  fonts.o(.data)
    __stdout                                 0x20000120   Data           4  stdout.o(.data)
    robot_odom                               0x20000128   Data          12  main.o(.bss)
    hadc2                                    0x20000134   Data          48  main.o(.bss)
    hi2c1                                    0x20000164   Data          84  main.o(.bss)
    htim2                                    0x200001b8   Data          72  main.o(.bss)
    htim3                                    0x20000200   Data          72  main.o(.bss)
    htim4                                    0x20000248   Data          72  main.o(.bss)
    htim5                                    0x20000290   Data          72  main.o(.bss)
    htim6                                    0x200002d8   Data          72  main.o(.bss)
    htim8                                    0x20000320   Data          72  main.o(.bss)
    huart1                                   0x20000368   Data          64  main.o(.bss)
    huart2                                   0x200003a8   Data          64  main.o(.bss)
    huart3                                   0x200003e8   Data          64  main.o(.bss)
    mpu_data                                 0x20000428   Data          20  main.o(.bss)
    mpu_raw_msg                              0x2000043c   Data          16  mpu6050.o(.bss)
    mpu_pose_msg                             0x2000044c   Data          12  mpu6050.o(.bss)
    uartRxBuffer                             0x20000468   Data          20  debug_uart.o(.bss)
    current_count                            0x20000480   Data          16  kinematics.o(.bss)
    wheel_mult                               0x20000490   Data          16  kinematics.o(.bss)
    __initial_sp                             0x20000e48   Data           0  startup_stm32f10x_hd.o(STACK)



==============================================================================

Memory Map of the image

  Image Entry point : 0x08000131

  Load Region LR_IROM1 (Base: 0x08000000, Size: 0x0000b7d8, Max: 0x00040000, ABSOLUTE)

    Execution Region ER_IROM1 (Base: 0x08000000, Size: 0x0000b6b0, Max: 0x00040000, ABSOLUTE)

    Base Addr    Size         Type   Attr      Idx    E Section Name        Object

    0x08000000   0x00000130   Data   RO            3    RESET               startup_stm32f10x_hd.o
    0x08000130   0x00000000   Code   RO         4876  * .ARM.Collect$$$$00000000  mc_w.l(entry.o)
    0x08000130   0x00000004   Code   RO         5243    .ARM.Collect$$$$00000001  mc_w.l(entry2.o)
    0x08000134   0x00000004   Code   RO         5246    .ARM.Collect$$$$00000004  mc_w.l(entry5.o)
    0x08000138   0x00000000   Code   RO         5248    .ARM.Collect$$$$00000008  mc_w.l(entry7b.o)
    0x08000138   0x00000000   Code   RO         5250    .ARM.Collect$$$$0000000A  mc_w.l(entry8b.o)
    0x08000138   0x00000008   Code   RO         5251    .ARM.Collect$$$$0000000B  mc_w.l(entry9a.o)
    0x08000140   0x00000000   Code   RO         5253    .ARM.Collect$$$$0000000D  mc_w.l(entry10a.o)
    0x08000140   0x00000000   Code   RO         5255    .ARM.Collect$$$$0000000F  mc_w.l(entry11a.o)
    0x08000140   0x00000004   Code   RO         5244    .ARM.Collect$$$$00002712  mc_w.l(entry2.o)
    0x08000144   0x00000024   Code   RO            4    .text               startup_stm32f10x_hd.o
    0x08000168   0x00000062   Code   RO         4879    .text               mc_w.l(ldiv.o)
    0x080001ca   0x00000020   Code   RO         4881    .text               mc_w.l(llushr.o)
    0x080001ea   0x00000024   Code   RO         4883    .text               mc_w.l(memcpya.o)
    0x0800020e   0x00000024   Code   RO         4885    .text               mc_w.l(memseta.o)
    0x08000232   0x00000024   Code   RO         4887    .text               mc_w.l(strstr.o)
    0x08000256   0x0000001a   Code   RO         4889    .text               mc_w.l(memcmp.o)
    0x08000270   0x0000001a   Code   RO         5154    .text               mc_w.l(atoi.o)
    0x0800028a   0x000000b0   Code   RO         5156    .text               mf_w.l(fadd.o)
    0x0800033a   0x00000064   Code   RO         5158    .text               mf_w.l(fmul.o)
    0x0800039e   0x0000007c   Code   RO         5160    .text               mf_w.l(fdiv.o)
    0x0800041a   0x00000018   Code   RO         5162    .text               mf_w.l(fscalb.o)
    0x08000432   0x0000014e   Code   RO         5164    .text               mf_w.l(dadd.o)
    0x08000580   0x000000e4   Code   RO         5166    .text               mf_w.l(dmul.o)
    0x08000664   0x000000de   Code   RO         5168    .text               mf_w.l(ddiv.o)
    0x08000742   0x0000002e   Code   RO         5170    .text               mf_w.l(dscalb.o)
    0x08000770   0x00000012   Code   RO         5172    .text               mf_w.l(fflti.o)
    0x08000782   0x0000000a   Code   RO         5174    .text               mf_w.l(ffltui.o)
    0x0800078c   0x00000022   Code   RO         5176    .text               mf_w.l(dflti.o)
    0x080007ae   0x00000032   Code   RO         5178    .text               mf_w.l(ffixi.o)
    0x080007e0   0x00000028   Code   RO         5180    .text               mf_w.l(ffixui.o)
    0x08000808   0x0000003e   Code   RO         5182    .text               mf_w.l(dfixi.o)
    0x08000846   0x00000026   Code   RO         5184    .text               mf_w.l(f2d.o)
    0x0800086c   0x00000030   Code   RO         5186    .text               mf_w.l(cdcmple.o)
    0x0800089c   0x00000030   Code   RO         5188    .text               mf_w.l(cdrcmple.o)
    0x080008cc   0x00000038   Code   RO         5190    .text               mf_w.l(d2f.o)
    0x08000904   0x0000002c   Code   RO         5258    .text               mc_w.l(uidiv.o)
    0x08000930   0x00000062   Code   RO         5260    .text               mc_w.l(uldiv.o)
    0x08000992   0x0000001e   Code   RO         5262    .text               mc_w.l(llshl.o)
    0x080009b0   0x00000024   Code   RO         5264    .text               mc_w.l(llsshr.o)
    0x080009d4   0x00000070   Code   RO         5273    .text               mc_w.l(strtol.o)
    0x08000a44   0x00000000   Code   RO         5275    .text               mc_w.l(iusefp.o)
    0x08000a44   0x0000006e   Code   RO         5276    .text               mf_w.l(fepilogue.o)
    0x08000ab2   0x000000ba   Code   RO         5278    .text               mf_w.l(depilogue.o)
    0x08000b6c   0x00000030   Code   RO         5280    .text               mf_w.l(dfixul.o)
    0x08000b9c   0x00000024   Code   RO         5282    .text               mc_w.l(init.o)
    0x08000bc0   0x00000008   Code   RO         5284    .text               mc_w.l(ctype_o.o)
    0x08000bc8   0x0000009e   Code   RO         5312    .text               mc_w.l(_strtoul.o)
    0x08000c66   0x000000a2   Code   RO         5314    .text               mf_w.l(dsqrt.o)
    0x08000d08   0x0000001a   Code   RO         5316    .text               mf_w.l(dfltui.o)
    0x08000d22   0x0000001c   Code   RO         5318    .text               mc_w.l(_chval.o)
    0x08000d3e   0x00000002   PAD
    0x08000d40   0x0000004c   Code   RO          514    i.ADC_ConversionStop_Disable  stm32f1xx_hal_adc.o
    0x08000d8c   0x00000002   Code   RO          291    i.BusFault_Handler  stm32f1xx_it.o
    0x08000d8e   0x00000002   Code   RO          292    i.DebugMon_Handler  stm32f1xx_it.o
    0x08000d90   0x00000028   Code   RO         4376    i.Enable_UART_Receive  debug_uart.o
    0x08000db8   0x0000002c   Code   RO           13    i.Error_Handler     main.o
    0x08000de4   0x0000000c   Code   RO         4436    i.Get_Encode_Motor_A  motor_encode.o
    0x08000df0   0x0000000c   Code   RO         4437    i.Get_Encode_Motor_B  motor_encode.o
    0x08000dfc   0x0000000c   Code   RO         4438    i.Get_Encode_Motor_C  motor_encode.o
    0x08000e08   0x0000000c   Code   RO         4439    i.Get_Encode_Motor_D  motor_encode.o
    0x08000e14   0x000000fc   Code   RO          520    i.HAL_ADC_ConfigChannel  stm32f1xx_hal_adc.o
    0x08000f10   0x00000124   Code   RO          529    i.HAL_ADC_Init      stm32f1xx_hal_adc.o
    0x08001034   0x00000058   Code   RO          389    i.HAL_ADC_MspInit   stm32f1xx_hal_msp.o
    0x0800108c   0x00000130   Code   RO         1170    i.HAL_DMA_Abort_IT  stm32f1xx_hal_dma.o
    0x080011bc   0x00000024   Code   RO          797    i.HAL_Delay         stm32f1xx_hal.o
    0x080011e0   0x000001f8   Code   RO         1105    i.HAL_GPIO_Init     stm32f1xx_hal_gpio.o
    0x080013d8   0x00000010   Code   RO         1108    i.HAL_GPIO_TogglePin  stm32f1xx_hal_gpio.o
    0x080013e8   0x0000000a   Code   RO         1109    i.HAL_GPIO_WritePin  stm32f1xx_hal_gpio.o
    0x080013f2   0x00000002   PAD
    0x080013f4   0x0000000c   Code   RO          801    i.HAL_GetTick       stm32f1xx_hal.o
    0x08001400   0x00000188   Code   RO         1776    i.HAL_I2C_Init      stm32f1xx_hal_i2c.o
    0x08001588   0x00000250   Code   RO         1794    i.HAL_I2C_Mem_Read  stm32f1xx_hal_i2c.o
    0x080017d8   0x00000130   Code   RO         1797    i.HAL_I2C_Mem_Write  stm32f1xx_hal_i2c.o
    0x08001908   0x00000070   Code   RO          391    i.HAL_I2C_MspInit   stm32f1xx_hal_msp.o
    0x08001978   0x00000010   Code   RO          807    i.HAL_IncTick       stm32f1xx_hal.o
    0x08001988   0x00000024   Code   RO          808    i.HAL_Init          stm32f1xx_hal.o
    0x080019ac   0x00000040   Code   RO          809    i.HAL_InitTick      stm32f1xx_hal.o
    0x080019ec   0x0000003c   Code   RO          392    i.HAL_MspInit       stm32f1xx_hal_msp.o
    0x08001a28   0x0000001a   Code   RO         1265    i.HAL_NVIC_EnableIRQ  stm32f1xx_hal_cortex.o
    0x08001a42   0x00000002   PAD
    0x08001a44   0x00000040   Code   RO         1271    i.HAL_NVIC_SetPriority  stm32f1xx_hal_cortex.o
    0x08001a84   0x00000024   Code   RO         1272    i.HAL_NVIC_SetPriorityGrouping  stm32f1xx_hal_cortex.o
    0x08001aa8   0x00000024   Code   RO         1273    i.HAL_NVIC_SystemReset  stm32f1xx_hal_cortex.o
    0x08001acc   0x000000ec   Code   RO         1068    i.HAL_RCCEx_PeriphCLKConfig  stm32f1xx_hal_rcc_ex.o
    0x08001bb8   0x0000012c   Code   RO          965    i.HAL_RCC_ClockConfig  stm32f1xx_hal_rcc.o
    0x08001ce4   0x00000020   Code   RO          972    i.HAL_RCC_GetPCLK1Freq  stm32f1xx_hal_rcc.o
    0x08001d04   0x00000020   Code   RO          973    i.HAL_RCC_GetPCLK2Freq  stm32f1xx_hal_rcc.o
    0x08001d24   0x0000006c   Code   RO          974    i.HAL_RCC_GetSysClockFreq  stm32f1xx_hal_rcc.o
    0x08001d90   0x00000320   Code   RO          977    i.HAL_RCC_OscConfig  stm32f1xx_hal_rcc.o
    0x080020b0   0x00000028   Code   RO         1276    i.HAL_SYSTICK_Config  stm32f1xx_hal_cortex.o
    0x080020d8   0x00000002   Code   RO         2898    i.HAL_TIMEx_BreakCallback  stm32f1xx_hal_tim_ex.o
    0x080020da   0x00000002   Code   RO         2899    i.HAL_TIMEx_CommutCallback  stm32f1xx_hal_tim_ex.o
    0x080020dc   0x00000054   Code   RO         2901    i.HAL_TIMEx_ConfigBreakDeadTime  stm32f1xx_hal_tim_ex.o
    0x08002130   0x0000007c   Code   RO         2917    i.HAL_TIMEx_MasterConfigSynchronization  stm32f1xx_hal_tim_ex.o
    0x080021ac   0x0000005a   Code   RO         2194    i.HAL_TIM_Base_Init  stm32f1xx_hal_tim.o
    0x08002206   0x00000002   PAD
    0x08002208   0x00000054   Code   RO          394    i.HAL_TIM_Base_MspInit  stm32f1xx_hal_msp.o
    0x0800225c   0x0000006c   Code   RO         2199    i.HAL_TIM_Base_Start_IT  stm32f1xx_hal_tim.o
    0x080022c8   0x000000d6   Code   RO         2203    i.HAL_TIM_ConfigClockSource  stm32f1xx_hal_tim.o
    0x0800239e   0x000000a4   Code   RO         2215    i.HAL_TIM_Encoder_Init  stm32f1xx_hal_tim.o
    0x08002442   0x00000002   PAD
    0x08002444   0x00000144   Code   RO          396    i.HAL_TIM_Encoder_MspInit  stm32f1xx_hal_msp.o
    0x08002588   0x0000008e   Code   RO         2218    i.HAL_TIM_Encoder_Start  stm32f1xx_hal_tim.o
    0x08002616   0x00000002   Code   RO         2228    i.HAL_TIM_IC_CaptureCallback  stm32f1xx_hal_tim.o
    0x08002618   0x00000166   Code   RO         2242    i.HAL_TIM_IRQHandler  stm32f1xx_hal_tim.o
    0x0800277e   0x00000002   PAD
    0x08002780   0x0000004c   Code   RO          397    i.HAL_TIM_MspPostInit  stm32f1xx_hal_msp.o
    0x080027cc   0x00000002   Code   RO         2245    i.HAL_TIM_OC_DelayElapsedCallback  stm32f1xx_hal_tim.o
    0x080027ce   0x000000c6   Code   RO         2266    i.HAL_TIM_PWM_ConfigChannel  stm32f1xx_hal_tim.o
    0x08002894   0x0000005a   Code   RO         2269    i.HAL_TIM_PWM_Init  stm32f1xx_hal_tim.o
    0x080028ee   0x00000002   Code   RO         2271    i.HAL_TIM_PWM_MspInit  stm32f1xx_hal_tim.o
    0x080028f0   0x00000002   Code   RO         2272    i.HAL_TIM_PWM_PulseFinishedCallback  stm32f1xx_hal_tim.o
    0x080028f2   0x00000002   PAD
    0x080028f4   0x000000b4   Code   RO         2274    i.HAL_TIM_PWM_Start  stm32f1xx_hal_tim.o
    0x080029a8   0x0000001c   Code   RO         4511    i.HAL_TIM_PeriodElapsedCallback  main_loop.o
    0x080029c4   0x00000002   Code   RO         2285    i.HAL_TIM_TriggerCallback  stm32f1xx_hal_tim.o
    0x080029c6   0x00000002   Code   RO         3186    i.HAL_UART_ErrorCallback  stm32f1xx_hal_uart.o
    0x080029c8   0x0000015c   Code   RO         3189    i.HAL_UART_IRQHandler  stm32f1xx_hal_uart.o
    0x08002b24   0x00000062   Code   RO         3190    i.HAL_UART_Init     stm32f1xx_hal_uart.o
    0x08002b86   0x00000002   PAD
    0x08002b88   0x00000148   Code   RO          399    i.HAL_UART_MspInit  stm32f1xx_hal_msp.o
    0x08002cd0   0x00000052   Code   RO         3195    i.HAL_UART_Receive_IT  stm32f1xx_hal_uart.o
    0x08002d22   0x00000002   PAD
    0x08002d24   0x0000016c   Code   RO         4377    i.HAL_UART_RxCpltCallback  debug_uart.o
    0x08002e90   0x000000b2   Code   RO         3198    i.HAL_UART_Transmit  stm32f1xx_hal_uart.o
    0x08002f42   0x00000002   Code   RO         3201    i.HAL_UART_TxCpltCallback  stm32f1xx_hal_uart.o
    0x08002f44   0x00000002   Code   RO          293    i.HardFault_Handler  stm32f1xx_it.o
    0x08002f46   0x0000002e   Code   RO         1818    i.I2C_IsAcknowledgeFailed  stm32f1xx_hal_i2c.o
    0x08002f74   0x000000fc   Code   RO         1828    i.I2C_RequestMemoryRead  stm32f1xx_hal_i2c.o
    0x08003070   0x000000a8   Code   RO         1829    i.I2C_RequestMemoryWrite  stm32f1xx_hal_i2c.o
    0x08003118   0x0000004c   Code   RO         1832    i.I2C_WaitOnBTFFlagUntilTimeout  stm32f1xx_hal_i2c.o
    0x08003164   0x00000068   Code   RO         1833    i.I2C_WaitOnFlagUntilTimeout  stm32f1xx_hal_i2c.o
    0x080031cc   0x00000096   Code   RO         1834    i.I2C_WaitOnMasterAddressFlagUntilTimeout  stm32f1xx_hal_i2c.o
    0x08003262   0x00000066   Code   RO         1835    i.I2C_WaitOnRXNEFlagUntilTimeout  stm32f1xx_hal_i2c.o
    0x080032c8   0x0000004c   Code   RO         1836    i.I2C_WaitOnTXEFlagUntilTimeout  stm32f1xx_hal_i2c.o
    0x08003314   0x00000364   Code   RO         4550    i.Kinematics_Forward  kinematics.o
    0x08003678   0x00000098   Code   RO         4551    i.Kinematics_Init   kinematics.o
    0x08003710   0x00000110   Code   RO         4552    i.Kinematics_Inverse  kinematics.o
    0x08003820   0x00000074   Code   RO         4238    i.MOTOR_A_Control   motor_drive.o
    0x08003894   0x00000074   Code   RO         4239    i.MOTOR_B_Control   motor_drive.o
    0x08003908   0x00000074   Code   RO         4240    i.MOTOR_C_Control   motor_drive.o
    0x0800397c   0x00000074   Code   RO         4241    i.MOTOR_D_Control   motor_drive.o
    0x080039f0   0x0000007c   Code   RO           14    i.MPU6050_Init      main.o
    0x08003a6c   0x00000050   Code   RO           15    i.MX_ADC2_Init      main.o
    0x08003abc   0x000000f4   Code   RO           16    i.MX_GPIO_Init      main.o
    0x08003bb0   0x00000040   Code   RO           17    i.MX_I2C1_Init      main.o
    0x08003bf0   0x0000006c   Code   RO           18    i.MX_TIM2_Init      main.o
    0x08003c5c   0x0000006c   Code   RO           19    i.MX_TIM3_Init      main.o
    0x08003cc8   0x0000006c   Code   RO           20    i.MX_TIM4_Init      main.o
    0x08003d34   0x0000006c   Code   RO           21    i.MX_TIM5_Init      main.o
    0x08003da0   0x00000044   Code   RO           22    i.MX_TIM6_Init      main.o
    0x08003de4   0x000000fc   Code   RO           23    i.MX_TIM8_Init      main.o
    0x08003ee0   0x00000002   Code   RO          294    i.MemManage_Handler  stm32f1xx_it.o
    0x08003ee2   0x00000002   PAD
    0x08003ee4   0x00000064   Code   RO         4242    i.Motor_A_SetSpeed  motor_drive.o
    0x08003f48   0x00000064   Code   RO         4243    i.Motor_B_SetSpeed  motor_drive.o
    0x08003fac   0x00000064   Code   RO         4244    i.Motor_C_SetSpeed  motor_drive.o
    0x08004010   0x00000064   Code   RO         4245    i.Motor_D_SetSpeed  motor_drive.o
    0x08004074   0x00000030   Code   RO         4246    i.Motor_Init        motor_drive.o
    0x080040a4   0x00000002   Code   RO          295    i.NMI_Handler       stm32f1xx_it.o
    0x080040a6   0x00000002   PAD
    0x080040a8   0x000000a4   Code   RO         4591    i.PID_MotorVelocityCtlA  motor_pid.o
    0x0800414c   0x000000a4   Code   RO         4592    i.PID_MotorVelocityCtlB  motor_pid.o
    0x080041f0   0x000000a4   Code   RO         4593    i.PID_MotorVelocityCtlC  motor_pid.o
    0x08004294   0x000000a4   Code   RO         4594    i.PID_MotorVelocityCtlD  motor_pid.o
    0x08004338   0x00000044   Code   RO           24    i.PID_Software_init  main.o
    0x0800437c   0x00000002   Code   RO          296    i.PendSV_Handler    stm32f1xx_it.o
    0x0800437e   0x00000002   PAD
    0x08004380   0x0000006c   Code   RO           25    i.ROBOT_GetImuData  main.o
    0x080043ec   0x000000fc   Code   RO         4727    i.ROBOT_SendDataToJetson  communication_serial.o
    0x080044e8   0x000000e8   Code   RO           26    i.Robot_Move_Ctrl   main.o
    0x080045d0   0x00000002   Code   RO          297    i.SVC_Handler       stm32f1xx_it.o
    0x080045d2   0x00000002   PAD
    0x080045d4   0x0000000c   Code   RO         4440    i.Set_Encode_Count_A  motor_encode.o
    0x080045e0   0x0000000c   Code   RO         4441    i.Set_Encode_Count_B  motor_encode.o
    0x080045ec   0x0000000c   Code   RO         4442    i.Set_Encode_Count_C  motor_encode.o
    0x080045f8   0x0000000c   Code   RO         4443    i.Set_Encode_Count_D  motor_encode.o
    0x08004604   0x00000030   Code   RO         4247    i.Set_Motor_PWM     motor_drive.o
    0x08004634   0x0000001c   Code   RO         4248    i.Set_PWM_Compare   motor_drive.o
    0x08004650   0x00000074   Code   RO         4444    i.Start_Encode      motor_encode.o
    0x080046c4   0x0000000c   Code   RO         4512    i.Start_Main_Loop   main_loop.o
    0x080046d0   0x00000174   Code   RO         4249    i.Start_Motor       motor_drive.o
    0x08004844   0x000000e0   Code   RO         4250    i.Stop_Motor        motor_drive.o
    0x08004924   0x00000004   Code   RO          298    i.SysTick_Handler   stm32f1xx_it.o
    0x08004928   0x0000007a   Code   RO           27    i.SystemClock_Config  main.o
    0x080049a2   0x00000002   Code   RO         3487    i.SystemInit        system_stm32f1xx.o
    0x080049a4   0x0000000c   Code   RO          299    i.TIM6_IRQHandler   stm32f1xx_it.o
    0x080049b0   0x0000008c   Code   RO         2287    i.TIM_Base_SetConfig  stm32f1xx_hal_tim.o
    0x08004a3c   0x0000001a   Code   RO         2288    i.TIM_CCxChannelCmd  stm32f1xx_hal_tim.o
    0x08004a56   0x00000014   Code   RO         2298    i.TIM_ETR_SetConfig  stm32f1xx_hal_tim.o
    0x08004a6a   0x00000010   Code   RO         2299    i.TIM_ITRx_SetConfig  stm32f1xx_hal_tim.o
    0x08004a7a   0x00000002   PAD
    0x08004a7c   0x00000060   Code   RO         2300    i.TIM_OC1_SetConfig  stm32f1xx_hal_tim.o
    0x08004adc   0x0000006c   Code   RO         2301    i.TIM_OC2_SetConfig  stm32f1xx_hal_tim.o
    0x08004b48   0x00000068   Code   RO         2302    i.TIM_OC3_SetConfig  stm32f1xx_hal_tim.o
    0x08004bb0   0x00000050   Code   RO         2303    i.TIM_OC4_SetConfig  stm32f1xx_hal_tim.o
    0x08004c00   0x00000022   Code   RO         2305    i.TIM_TI1_ConfigInputStage  stm32f1xx_hal_tim.o
    0x08004c22   0x00000024   Code   RO         2307    i.TIM_TI2_ConfigInputStage  stm32f1xx_hal_tim.o
    0x08004c46   0x00000010   Code   RO         3203    i.UART_DMAAbortOnError  stm32f1xx_hal_uart.o
    0x08004c56   0x0000001c   Code   RO         3213    i.UART_EndRxTransfer  stm32f1xx_hal_uart.o
    0x08004c72   0x00000002   PAD
    0x08004c74   0x00000060   Code   RO         4728    i.UART_Jetson_SendPacket  communication_serial.o
    0x08004cd4   0x0000008c   Code   RO         3215    i.UART_Receive_IT   stm32f1xx_hal_uart.o
    0x08004d60   0x000000b8   Code   RO         3216    i.UART_SetConfig    stm32f1xx_hal_uart.o
    0x08004e18   0x00000064   Code   RO         3217    i.UART_WaitOnFlagUntilTimeout  stm32f1xx_hal_uart.o
    0x08004e7c   0x00000020   Code   RO          300    i.USART1_IRQHandler  stm32f1xx_it.o
    0x08004e9c   0x0000001c   Code   RO          301    i.USART2_IRQHandler  stm32f1xx_it.o
    0x08004eb8   0x000001a8   Code   RO         4729    i.USART2_Resolve_Data  communication_serial.o
    0x08005060   0x00000020   Code   RO          302    i.USART3_IRQHandler  stm32f1xx_it.o
    0x08005080   0x00000002   Code   RO          303    i.UsageFault_Handler  stm32f1xx_it.o
    0x08005082   0x00000002   PAD
    0x08005084   0x00000020   Code   RO         5126    i.__0printf         mc_w.l(printfa.o)
    0x080050a4   0x00000028   Code   RO         5219    i.__ARM_fpclassify  m_ws.l(fpclassify.o)
    0x080050cc   0x00000020   Code   RO         1278    i.__NVIC_SetPriority  stm32f1xx_hal_cortex.o
    0x080050ec   0x00000008   Code   RO         5266    i.__aeabi_errno_addr  mc_w.l(errno.o)
    0x080050f4   0x00000388   Code   RO         5224    i.__ieee754_rem_pio2  m_ws.l(rred.o)
    0x0800547c   0x000000fc   Code   RO         5202    i.__kernel_cos      m_ws.l(cos_i.o)
    0x08005578   0x000000aa   Code   RO         5221    i.__kernel_poly     m_ws.l(poly.o)
    0x08005622   0x00000002   PAD
    0x08005624   0x000000ec   Code   RO         5229    i.__kernel_sin      m_ws.l(sin_i.o)
    0x08005710   0x00000006   Code   RO         5206    i.__mathlib_dbl_infnan  m_ws.l(dunder.o)
    0x08005716   0x00000004   Code   RO         5207    i.__mathlib_dbl_infnan2  m_ws.l(dunder.o)
    0x0800571a   0x0000000c   Code   RO         5208    i.__mathlib_dbl_invalid  m_ws.l(dunder.o)
    0x08005726   0x00000002   PAD
    0x08005728   0x00000010   Code   RO         5211    i.__mathlib_dbl_underflow  m_ws.l(dunder.o)
    0x08005738   0x0000000e   Code   RO         5322    i.__scatterload_copy  mc_w.l(handlers.o)
    0x08005746   0x00000002   Code   RO         5323    i.__scatterload_null  mc_w.l(handlers.o)
    0x08005748   0x0000000e   Code   RO         5324    i.__scatterload_zeroinit  mc_w.l(handlers.o)
    0x08005756   0x00000002   PAD
    0x08005758   0x0000000c   Code   RO         5268    i.__set_errno       mc_w.l(errno.o)
    0x08005764   0x00000164   Code   RO         5133    i._fp_digits        mc_w.l(printfa.o)
    0x080058c8   0x000006dc   Code   RO         5134    i._printf_core      mc_w.l(printfa.o)
    0x08005fa4   0x00000024   Code   RO         5135    i._printf_post_padding  mc_w.l(printfa.o)
    0x08005fc8   0x0000002e   Code   RO         5136    i._printf_pre_padding  mc_w.l(printfa.o)
    0x08005ff6   0x00000002   PAD
    0x08005ff8   0x00000080   Code   RO         3683    i.accel_self_test   inv_mpu.o
    0x08006078   0x00000270   Code   RO         4843    i.asin              m_ws.l(asin.o)
    0x080062e8   0x00000220   Code   RO         5193    i.atan              m_ws.l(atan.o)
    0x08006508   0x00000180   Code   RO         4853    i.atan2             m_ws.l(atan2.o)
    0x08006688   0x00000014   Code   RO         4767    i.check_sum         protocol.o
    0x0800669c   0x00000018   Code   RO         4513    i.check_tim6_status  main_loop.o
    0x080066b4   0x0000009c   Code   RO         4861    i.cos               m_ws.l(cos.o)
    0x08006750   0x0000003a   Code   RO         3998    i.dmp_enable_6x_lp_quat  inv_mpu_dmp_motion_driver.o
    0x0800678a   0x00000002   PAD
    0x0800678c   0x000001d8   Code   RO         3999    i.dmp_enable_feature  inv_mpu_dmp_motion_driver.o
    0x08006964   0x0000003c   Code   RO         4000    i.dmp_enable_gyro_cal  inv_mpu_dmp_motion_driver.o
    0x080069a0   0x0000003a   Code   RO         4001    i.dmp_enable_lp_quat  inv_mpu_dmp_motion_driver.o
    0x080069da   0x00000002   PAD
    0x080069dc   0x00000020   Code   RO         3524    i.dmp_i2c_read      mpu6050.o
    0x080069fc   0x00000020   Code   RO         3525    i.dmp_i2c_write     mpu6050.o
    0x08006a1c   0x000005f0   Code   RO         3526    i.dmp_init          mpu6050.o
    0x0800700c   0x00000014   Code   RO         4006    i.dmp_load_motion_driver_firmware  inv_mpu_dmp_motion_driver.o
    0x08007020   0x00000144   Code   RO         4007    i.dmp_read_fifo     inv_mpu_dmp_motion_driver.o
    0x08007164   0x000000d8   Code   RO         4010    i.dmp_set_accel_bias  inv_mpu_dmp_motion_driver.o
    0x0800723c   0x00000064   Code   RO         4011    i.dmp_set_fifo_rate  inv_mpu_dmp_motion_driver.o
    0x080072a0   0x000000cc   Code   RO         4012    i.dmp_set_gyro_bias  inv_mpu_dmp_motion_driver.o
    0x0800736c   0x0000010c   Code   RO         4014    i.dmp_set_orientation  inv_mpu_dmp_motion_driver.o
    0x08007478   0x00000030   Code   RO         4017    i.dmp_set_shake_reject_thresh  inv_mpu_dmp_motion_driver.o
    0x080074a8   0x00000020   Code   RO         4018    i.dmp_set_shake_reject_time  inv_mpu_dmp_motion_driver.o
    0x080074c8   0x00000020   Code   RO         4019    i.dmp_set_shake_reject_timeout  inv_mpu_dmp_motion_driver.o
    0x080074e8   0x00000040   Code   RO         4020    i.dmp_set_tap_axes  inv_mpu_dmp_motion_driver.o
    0x08007528   0x00000022   Code   RO         4021    i.dmp_set_tap_count  inv_mpu_dmp_motion_driver.o
    0x0800754a   0x00000002   PAD
    0x0800754c   0x00000128   Code   RO         4022    i.dmp_set_tap_thresh  inv_mpu_dmp_motion_driver.o
    0x08007674   0x00000020   Code   RO         4023    i.dmp_set_tap_time  inv_mpu_dmp_motion_driver.o
    0x08007694   0x00000020   Code   RO         4024    i.dmp_set_tap_time_multi  inv_mpu_dmp_motion_driver.o
    0x080076b4   0x0000000c   Code   RO         3527    i.f4_get_tick_ms_cnt  mpu6050.o
    0x080076c0   0x0000001c   Code   RO           28    i.fputc             main.o
    0x080076dc   0x000000ac   Code   RO         3685    i.get_accel_prod_shift  inv_mpu.o
    0x08007788   0x00000314   Code   RO         3686    i.get_st_biases     inv_mpu.o
    0x08007a9c   0x000000d4   Code   RO         3687    i.gyro_self_test    inv_mpu.o
    0x08007b70   0x00000048   Code   RO         3529    i.inv_row_2_scale   mpu6050.o
    0x08007bb8   0x00000060   Code   RO           29    i.lcd_init          main.o
    0x08007c18   0x0000006c   Code   RO           30    i.lcd_start         main.o
    0x08007c84   0x00000188   Code   RO           31    i.main              main.o
    0x08007e0c   0x00000054   Code   RO         3688    i.mpu_configure_fifo  inv_mpu.o
    0x08007e60   0x0000003c   Code   RO         3689    i.mpu_get_accel_fsr  inv_mpu.o
    0x08007e9c   0x00000044   Code   RO         3691    i.mpu_get_accel_sens  inv_mpu.o
    0x08007ee0   0x00000034   Code   RO         3697    i.mpu_get_gyro_fsr  inv_mpu.o
    0x08007f14   0x00000040   Code   RO         3699    i.mpu_get_gyro_sens  inv_mpu.o
    0x08007f54   0x00000038   Code   RO         3701    i.mpu_get_lpf       inv_mpu.o
    0x08007f8c   0x0000001c   Code   RO         3703    i.mpu_get_sample_rate  inv_mpu.o
    0x08007fa8   0x00000188   Code   RO         3705    i.mpu_init          inv_mpu.o
    0x08008130   0x000000a0   Code   RO         3706    i.mpu_load_firmware  inv_mpu.o
    0x080081d0   0x000000b8   Code   RO         3707    i.mpu_lp_accel_mode  inv_mpu.o
    0x08008288   0x00000090   Code   RO         3710    i.mpu_read_fifo_stream  inv_mpu.o
    0x08008318   0x00000054   Code   RO         3711    i.mpu_read_mem      inv_mpu.o
    0x0800836c   0x00000160   Code   RO         3714    i.mpu_reset_fifo    inv_mpu.o
    0x080084cc   0x000000f0   Code   RO         3715    i.mpu_run_self_test  inv_mpu.o
    0x080085bc   0x00000068   Code   RO         3717    i.mpu_set_accel_fsr  inv_mpu.o
    0x08008624   0x000000dc   Code   RO         3718    i.mpu_set_bypass    inv_mpu.o
    0x08008700   0x00000078   Code   RO         3720    i.mpu_set_dmp_state  inv_mpu.o
    0x08008778   0x0000006c   Code   RO         3721    i.mpu_set_gyro_fsr  inv_mpu.o
    0x080087e4   0x00000064   Code   RO         3722    i.mpu_set_int_latched  inv_mpu.o
    0x08008848   0x0000006c   Code   RO         3724    i.mpu_set_lpf       inv_mpu.o
    0x080088b4   0x00000080   Code   RO         3725    i.mpu_set_sample_rate  inv_mpu.o
    0x08008934   0x000000b8   Code   RO         3726    i.mpu_set_sensors   inv_mpu.o
    0x080089ec   0x00000054   Code   RO         3727    i.mpu_write_mem     inv_mpu.o
    0x08008a40   0x00000004   Code   RO         3530    i.my_hal_delay      mpu6050.o
    0x08008a44   0x00000058   Code   RO         4768    i.protocol_data_recv  protocol.o
    0x08008a9c   0x000001b8   Code   RO         4769    i.protocol_frame_parse  protocol.o
    0x08008c54   0x00000018   Code   RO         4770    i.protocol_init     protocol.o
    0x08008c6c   0x0000019c   Code   RO         3531    i.read_dmp          mpu6050.o
    0x08008e08   0x00000120   Code   RO         4771    i.receiving_process  protocol.o
    0x08008f28   0x0000001a   Code   RO         4772    i.recvbuf_get_len_to_parse  protocol.o
    0x08008f42   0x00000002   PAD
    0x08008f44   0x000000a4   Code   RO         3532    i.run_self_test     mpu6050.o
    0x08008fe8   0x00000074   Code   RO         4774    i.set_computer_value  protocol.o
    0x0800905c   0x00000058   Code   RO         3728    i.set_int_enable    inv_mpu.o
    0x080090b4   0x000000a0   Code   RO         4869    i.sin               m_ws.l(sin.o)
    0x08009154   0x0000004c   Code   RO         5236    i.sqrt              m_ws.l(sqrt.o)
    0x080091a0   0x00000040   Code   RO         4636    i.ssd1306_DrawPixel  ssd1306.o
    0x080091e0   0x00000020   Code   RO         4637    i.ssd1306_Fill      ssd1306.o
    0x08009200   0x00000148   Code   RO         4638    i.ssd1306_Init      ssd1306.o
    0x08009348   0x0000000c   Code   RO         4640    i.ssd1306_SetCursor  ssd1306.o
    0x08009354   0x00000054   Code   RO         4641    i.ssd1306_UpdateScreen  ssd1306.o
    0x080093a8   0x0000009c   Code   RO         4642    i.ssd1306_WriteChar  ssd1306.o
    0x08009444   0x0000001c   Code   RO         4643    i.ssd1306_WriteCommand  ssd1306.o
    0x08009460   0x0000002c   Code   RO         4644    i.ssd1306_WriteString  ssd1306.o
    0x0800948c   0x0000004c   Code   RO         4379    i.switch_channel    debug_uart.o
    0x080094d8   0x00000034   Code   RO         4775    i.sync_computer_current_speed  protocol.o
    0x0800950c   0x00000050   Code   RO         4380    i.test_inverse      debug_uart.o
    0x0800955c   0x00000190   Code   RO         4381    i.test_motor        debug_uart.o
    0x080096ec   0x000000fc   Code   RO         3533    i.w_mpu_init        mpu6050.o
    0x080097e8   0x0000007c   Code   RO         3534    i.w_mpu_read_all_raw_data  mpu6050.o
    0x08009864   0x00000030   Code   RO         3535    i.w_mpu_read_byte   mpu6050.o
    0x08009894   0x00000024   Code   RO         3536    i.w_mpu_read_byte_len  mpu6050.o
    0x080098b8   0x00000018   Code   RO         3537    i.w_mpu_read_device_address  mpu6050.o
    0x080098d0   0x00000014   Code   RO         3539    i.w_mpu_set_acce_fsr  mpu6050.o
    0x080098e4   0x00000012   Code   RO         3540    i.w_mpu_set_dlpf    mpu6050.o
    0x080098f6   0x00000014   Code   RO         3541    i.w_mpu_set_gyro_fsr  mpu6050.o
    0x0800990a   0x00000012   Code   RO         3542    i.w_mpu_set_sample_rate  mpu6050.o
    0x0800991c   0x0000002c   Code   RO         3543    i.w_mpu_write_byte  mpu6050.o
    0x08009948   0x00000010   Data   RO         3488    .constdata          system_stm32f1xx.o
    0x08009958   0x00000008   Data   RO         3489    .constdata          system_stm32f1xx.o
    0x08009960   0x0000001e   Data   RO         3729    .constdata          inv_mpu.o
    0x0800997e   0x0000000c   Data   RO         3730    .constdata          inv_mpu.o
    0x0800998a   0x00000002   PAD
    0x0800998c   0x00000028   Data   RO         3731    .constdata          inv_mpu.o
    0x080099b4   0x00000bf6   Data   RO         4026    .constdata          inv_mpu_dmp_motion_driver.o
    0x0800a5aa   0x00000d5c   Data   RO         4708    .constdata          fonts.o
    0x0800b306   0x00000002   PAD
    0x0800b308   0x00000050   Data   RO         4844    .constdata          m_ws.l(asin.o)
    0x0800b358   0x00000098   Data   RO         5194    .constdata          m_ws.l(atan.o)
    0x0800b3f0   0x00000030   Data   RO         5203    .constdata          m_ws.l(cos_i.o)
    0x0800b420   0x00000008   Data   RO         5223    .constdata          m_ws.l(qnan.o)
    0x0800b428   0x000000c8   Data   RO         5226    .constdata          m_ws.l(rred.o)
    0x0800b4f0   0x00000028   Data   RO         5230    .constdata          m_ws.l(sin_i.o)
    0x0800b518   0x00000081   Data   RO         5285    .constdata          mc_w.l(ctype_o.o)
    0x0800b599   0x00000003   PAD
    0x0800b59c   0x00000004   Data   RO         5286    .constdata          mc_w.l(ctype_o.o)
    0x0800b5a0   0x0000009f   Data   RO         3548    .conststring        mpu6050.o
    0x0800b63f   0x00000001   PAD
    0x0800b640   0x0000004d   Data   RO         3732    .conststring        inv_mpu.o
    0x0800b68d   0x00000003   PAD
    0x0800b690   0x00000020   Data   RO         5320    Region$$Table       anon$$obj.o


    Execution Region RW_IRAM1 (Base: 0x20000000, Size: 0x00000e48, Max: 0x0000c000, ABSOLUTE)

    Base Addr    Size         Type   Attr      Idx    E Section Name        Object

    0x20000000   0x0000002e   Data   RW           33    .data               main.o
    0x2000002e   0x00000002   PAD
    0x20000030   0x0000000c   Data   RW          815    .data               stm32f1xx_hal.o
    0x2000003c   0x00000004   Data   RW         3490    .data               system_stm32f1xx.o
    0x20000040   0x00000019   Data   RW         3549    .data               mpu6050.o
    0x20000059   0x00000003   PAD
    0x2000005c   0x0000002c   Data   RW         3733    .data               inv_mpu.o
    0x20000088   0x00000004   Data   RW         4251    .data               motor_drive.o
    0x2000008c   0x00000004   Data   RW         4384    .data               debug_uart.o
    0x20000090   0x00000004   Data   RW         4445    .data               motor_encode.o
    0x20000094   0x00000001   Data   RW         4514    .data               main_loop.o
    0x20000095   0x00000003   PAD
    0x20000098   0x00000028   Data   RW         4554    .data               kinematics.o
    0x200000c0   0x00000040   Data   RW         4595    .data               motor_pid.o
    0x20000100   0x00000006   Data   RW         4646    .data               ssd1306.o
    0x20000106   0x00000002   PAD
    0x20000108   0x00000008   Data   RW         4711    .data               fonts.o
    0x20000110   0x00000008   Data   RW         4731    .data               communication_serial.o
    0x20000118   0x00000008   Data   RW         4778    .data               protocol.o
    0x20000120   0x00000004   Data   RW         5257    .data               mc_w.l(stdout.o)
    0x20000124   0x00000004   Data   RW         5269    .data               mc_w.l(errno.o)
    0x20000128   0x00000314   Zero   RW           32    .bss                main.o
    0x2000043c   0x0000001c   Zero   RW         3545    .bss                mpu6050.o
    0x20000458   0x00000010   Zero   RW         4025    .bss                inv_mpu_dmp_motion_driver.o
    0x20000468   0x00000014   Zero   RW         4382    .bss                debug_uart.o
    0x2000047c   0x00000004   PAD
    0x20000480   0x00000078   Zero   RW         4553    .bss                kinematics.o
    0x200004f8   0x00000400   Zero   RW         4645    .bss                ssd1306.o
    0x200008f8   0x000000b4   Zero   RW         4730    .bss                communication_serial.o
    0x200009ac   0x00000098   Zero   RW         4776    .bss                protocol.o
    0x20000a44   0x00000004   PAD
    0x20000a48   0x00000400   Zero   RW            1    STACK               startup_stm32f10x_hd.o


==============================================================================

Image component sizes


      Code (inc. data)   RO Data    RW Data    ZI Data      Debug   Object Name

       772        166          0          8        180       3379   communication_serial.o
       960        310          0          4         20       4099   debug_uart.o
         0          0       3420          8          0       1110   fonts.o
      4512        280        159         44          0      26673   inv_mpu.o
      2350        118       3062          0         16      20622   inv_mpu_dmp_motion_driver.o
      1292        128          0         40        120       3272   kinematics.o
      2462        292          0         46        788     524525   main.o
        64         20          0          1          0       2054   main_loop.o
      1584        570          0          4          0       8346   motor_drive.o
       212         84          0          4          0       4799   motor_encode.o
       656         40          0         64          0       3141   motor_pid.o
      2852        878        159         25         28      41159   mpu6050.o
      1054        128          0          8        152       7764   protocol.o
       748         34          0          6       1024       5335   ssd1306.o
        36          8        304          0       1024        816   startup_stm32f10x_hd.o
       164         28          0         12          0       6505   stm32f1xx_hal.o
       620         28          0          0          0       2940   stm32f1xx_hal_adc.o
       234         24          0          0          0      29246   stm32f1xx_hal_cortex.o
       304          8          0          0          0       1119   stm32f1xx_hal_dma.o
       530         42          0          0          0       3153   stm32f1xx_hal_gpio.o
      2262         56          0          0          0      10990   stm32f1xx_hal_i2c.o
      1072        118          0          0          0       5548   stm32f1xx_hal_msp.o
      1272        100          0          0          0       4984   stm32f1xx_hal_rcc.o
       236         12          0          0          0       1348   stm32f1xx_hal_rcc_ex.o
      2214         96          0          0          0      16913   stm32f1xx_hal_tim.o
       212         20          0          0          0       3093   stm32f1xx_hal_tim_ex.o
      1178         10          0          0          0       8071   stm32f1xx_hal_uart.o
       124         24          0          0          0       5772   stm32f1xx_it.o
         2          0         24          4          0       1123   system_stm32f1xx.o

    ----------------------------------------------------------------------
     30016       3622       7168        288       3360     757899   Object Totals
         0          0         32          0          0          0   (incl. Generated)
        38          0          8         10          8          0   (incl. Padding)

    ----------------------------------------------------------------------

      Code (inc. data)   RO Data    RW Data    ZI Data      Debug   Library Member Name

       624         52         80          0          0        168   asin.o
       544         70        152          0          0        124   atan.o
       384         38          0          0          0        144   atan2.o
       156          8          0          0          0        104   cos.o
       252         22         48          0          0        124   cos_i.o
        38          6          0          0          0        272   dunder.o
        40          0          0          0          0         68   fpclassify.o
       170          0          0          0          0         96   poly.o
         0          0          8          0          0          0   qnan.o
       904         76        200          0          0        140   rred.o
       160         10          0          0          0        108   sin.o
       236         12         40          0          0        128   sin_i.o
        76          0          0          0          0         84   sqrt.o
        28          0          0          0          0         68   _chval.o
       158          0          0          0          0         92   _strtoul.o
        26          0          0          0          0         80   atoi.o
         8          4        133          0          0         68   ctype_o.o
         0          0          0          0          0          0   entry.o
         0          0          0          0          0          0   entry10a.o
         0          0          0          0          0          0   entry11a.o
         8          4          0          0          0          0   entry2.o
         4          0          0          0          0          0   entry5.o
         0          0          0          0          0          0   entry7b.o
         0          0          0          0          0          0   entry8b.o
         8          4          0          0          0          0   entry9a.o
        20         10          0          4          0        136   errno.o
        30          0          0          0          0          0   handlers.o
        36          8          0          0          0         68   init.o
         0          0          0          0          0          0   iusefp.o
        98          0          0          0          0         84   ldiv.o
        30          0          0          0          0         68   llshl.o
        36          0          0          0          0         68   llsshr.o
        32          0          0          0          0         68   llushr.o
        26          0          0          0          0         80   memcmp.o
        36          0          0          0          0         68   memcpya.o
        36          0          0          0          0        108   memseta.o
      2226         90          0          0          0        444   printfa.o
         0          0          0          4          0          0   stdout.o
        36          0          0          0          0         80   strstr.o
       112          0          0          0          0         88   strtol.o
        44          0          0          0          0         80   uidiv.o
        98          0          0          0          0         92   uldiv.o
        48          0          0          0          0         68   cdcmple.o
        48          0          0          0          0         68   cdrcmple.o
        56          0          0          0          0         88   d2f.o
       334          0          0          0          0        148   dadd.o
       222          0          0          0          0        100   ddiv.o
       186          0          0          0          0        176   depilogue.o
        62          0          0          0          0         80   dfixi.o
        48          0          0          0          0         68   dfixul.o
        34          0          0          0          0         76   dflti.o
        26          0          0          0          0         76   dfltui.o
       228          0          0          0          0         96   dmul.o
        46          0          0          0          0         80   dscalb.o
       162          0          0          0          0        100   dsqrt.o
        38          0          0          0          0         68   f2d.o
       176          0          0          0          0        140   fadd.o
       124          0          0          0          0         88   fdiv.o
       110          0          0          0          0        168   fepilogue.o
        50          0          0          0          0         68   ffixi.o
        40          0          0          0          0         68   ffixui.o
        18          0          0          0          0         68   fflti.o
        10          0          0          0          0         68   ffltui.o
       100          0          0          0          0         76   fmul.o
        24          0          0          0          0         68   fscalb.o

    ----------------------------------------------------------------------
      8920        414        664          8          0       5504   Library Totals
        10          0          3          0          0          0   (incl. Padding)

    ----------------------------------------------------------------------

      Code (inc. data)   RO Data    RW Data    ZI Data      Debug   Library Name

      3584        294        528          0          0       1560   m_ws.l
      3136        120        133          8          0       1840   mc_w.l
      2190          0          0          0          0       2104   mf_w.l

    ----------------------------------------------------------------------
      8920        414        664          8          0       5504   Library Totals

    ----------------------------------------------------------------------

==============================================================================


      Code (inc. data)   RO Data    RW Data    ZI Data      Debug   

     38936       4036       7832        296       3360     748527   Grand Totals
     38936       4036       7832        296       3360     748527   ELF Image Totals
     38936       4036       7832        296          0          0   ROM Totals

==============================================================================

    Total RO  Size (Code + RO Data)                46768 (  45.67kB)
    Total RW  Size (RW Data + ZI Data)              3656 (   3.57kB)
    Total ROM Size (Code + RO Data + RW Data)      47064 (  45.96kB)

==============================================================================

